<?xml version="1.0" encoding="utf-8"?>
<TestRun id="143d773e-0257-4081-8ebc-3c51dd70eca7" name="@omarchy 2026-09-24 02:32:00" xmlns="http://microsoft.com/schemas/VisualStudio/TeamTest/2010">
  <Times creation="2026-09-24T02:32:00.0220862-03:00" queuing="2026-09-24T02:32:00.0220862-03:00" start="2026-09-24T02:31:58.9673215-03:00" finish="2026-09-24T02:32:00.0251773-03:00" />
  <TestSettings name="default" id="78453980-2c9e-4005-a51d-b5059605576f">
    <Deployment runDeploymentRoot="_omarchy_2026-09-24_02_32_00" />
  </TestSettings>
  <Results>
    <UnitTestResult executionId="99ce5c49-6dbf-4e3e-81ba-b516ee162fdc" testId="cc8369cb-8341-4613-c613-2c95bc629f24" testName="FM-6: the page's four members are required, plain array and integers" computerName="omarchy" duration="00:00:00.0312518" startTime="2026-09-24T02:31:59.9075018-03:00" endTime="2026-09-24T02:31:59.9388344-03:00" testType="13cdc9d9-ddb5-4fa4-a97d-d965ccfc6d4b" outcome="Passed" testListId="8c84fa94-04c1-424b-9868-57a2d4851a1d" relativeResultsDirectory="99ce5c49-6dbf-4e3e-81ba-b516ee162fdc" />
    <UnitTestResult executionId="5cf7ce18-21f6-4281-bab1-dd1584a109e3" testId="3b424cf8-b5b0-e09a-f50a-55abe842c748" testName="FM-2: an explicitly registered assembly is enumerated once, beside the app's own codes" computerName="omarchy" duration="00:00:00.0160609" startTime="2026-09-24T02:31:59.8736956-03:00" endTime="2026-09-24T02:31:59.8897947-03:00" testType="13cdc9d9-ddb5-4fa4-a97d-d965ccfc6d4b" outcome="Passed" testListId="8c84fa94-04c1-424b-9868-57a2d4851a1d" relativeResultsDirectory="5cf7ce18-21f6-4281-bab1-dd1584a109e3" />
    <UnitTestResult executionId="97d668da-b048-49d0-b510-282fec7f74f2" testId="c534da32-25c5-d8df-0546-d03b5af946a3" testName="FM-1: ErrorBody.code enumerates the app's registry codes" computerName="omarchy" duration="00:00:00.4737929" startTime="2026-09-24T02:31:59.3444108-03:00" endTime="2026-09-24T02:31:59.8234207-03:00" testType="13cdc9d9-ddb5-4fa4-a97d-d965ccfc6d4b" outcome="Passed" testListId="8c84fa94-04c1-424b-9868-57a2d4851a1d" relativeResultsDirectory="97d668da-b048-49d0-b510-282fec7f74f2" />
    <UnitTestResult executionId="da5aaabd-a700-4a25-b629-58727bb09085" testId="b422ae4a-9e62-cecc-9d59-f7972d9302fe" testName="FM-5: a numeric query parameter accepts no strings" computerName="omarchy" duration="00:00:00.0185134" startTime="2026-09-24T02:31:59.8886234-03:00" endTime="2026-09-24T02:31:59.9072775-03:00" testType="13cdc9d9-ddb5-4fa4-a97d-d965ccfc6d4b" outcome="Passed" testListId="8c84fa94-04c1-424b-9868-57a2d4851a1d" relativeResultsDirectory="da5aaabd-a700-4a25-b629-58727bb09085" />
    <UnitTestResult executionId="144f4f9e-ca9a-46be-9d9a-f793541731df" testId="8090b0c6-e1bb-4cec-d38e-ae5396e91e7a" testName="FM-7: a slice's output references its own slice-qualified page" computerName="omarchy" duration="00:00:00.0149877" startTime="2026-09-24T02:31:59.8735931-03:00" endTime="2026-09-24T02:31:59.8884928-03:00" testType="13cdc9d9-ddb5-4fa4-a97d-d965ccfc6d4b" outcome="Passed" testListId="8c84fa94-04c1-424b-9868-57a2d4851a1d" relativeResultsDirectory="144f4f9e-ca9a-46be-9d9a-f793541731df" />
    <UnitTestResult executionId="723daaf3-0324-4c32-b55e-2766b76abd76" testId="4072c344-28f8-451f-a2d4-ad532f7c2861" testName="FM-4: a scalar value object reached only through a nullable property mirrors its primitive" computerName="omarchy" duration="00:00:00.0486453" startTime="2026-09-24T02:31:59.8378836-03:00" endTime="2026-09-24T02:31:59.8732511-03:00" testType="13cdc9d9-ddb5-4fa4-a97d-d965ccfc6d4b" outcome="Passed" testListId="8c84fa94-04c1-424b-9868-57a2d4851a1d" relativeResultsDirectory="723daaf3-0324-4c32-b55e-2766b76abd76" />
    <UnitTestResult executionId="ccd3b430-fc39-41b2-8b4f-73ba4831b8a2" testId="269e1e8c-d94a-bc52-2899-95723aeed0c0" testName="FM-3: a numeric body property is a plain number" computerName="omarchy" duration="00:00:00.4737828" startTime="2026-09-24T02:31:59.3452153-03:00" endTime="2026-09-24T02:31:59.8254835-03:00" testType="13cdc9d9-ddb5-4fa4-a97d-d965ccfc6d4b" outcome="Passed" testListId="8c84fa94-04c1-424b-9868-57a2d4851a1d" relativeResultsDirectory="ccd3b430-fc39-41b2-8b4f-73ba4831b8a2" />
    <UnitTestResult executionId="616e1023-73b5-4a7c-9bde-ef3e39b2eb6e" testId="6f2fdeda-946d-34f8-1a69-a20141d0e032" testName="FM-2: a dependency loaded in the process does not widen the contract" computerName="omarchy" duration="00:00:00.0490216" startTime="2026-09-24T02:31:59.8379057-03:00" endTime="2026-09-24T02:31:59.8736256-03:00" testType="13cdc9d9-ddb5-4fa4-a97d-d965ccfc6d4b" outcome="Passed" testListId="8c84fa94-04c1-424b-9868-57a2d4851a1d" relativeResultsDirectory="616e1023-73b5-4a7c-9bde-ef3e39b2eb6e" />
  </Results>
  <TestDefinitions>
    <UnitTest name="FM-2: a dependency loaded in the process does not widen the contract" storage="/home/lucasrgt/projects/skies/examples/sample-app/backend/sample.tests/bin/debug/net10.0/sample.tests.dll" id="6f2fdeda-946d-34f8-1a69-a20141d0e032">
      <Execution id="616e1023-73b5-4a7c-9bde-ef3e39b2eb6e" />
      <TestMethod codeBase="/home/lucasrgt/Projects/skies/examples/sample-app/backend/Sample.Tests/bin/Debug/net10.0/Sample.Tests.dll" adapterTypeName="executor://xunit/VsTestRunner3/netcore/" className="Specs.S0005.ErrorCodeContractSpec" name="A_loaded_dependency_does_not_widen_the_contract" />
    </UnitTest>
    <UnitTest name="FM-2: an explicitly registered assembly is enumerated once, beside the app's own codes" storage="/home/lucasrgt/projects/skies/examples/sample-app/backend/sample.tests/bin/debug/net10.0/sample.tests.dll" id="3b424cf8-b5b0-e09a-f50a-55abe842c748">
      <Execution id="5cf7ce18-21f6-4281-bab1-dd1584a109e3" />
      <TestMethod codeBase="/home/lucasrgt/Projects/skies/examples/sample-app/backend/Sample.Tests/bin/Debug/net10.0/Sample.Tests.dll" adapterTypeName="executor://xunit/VsTestRunner3/netcore/" className="Specs.S0005.ErrorCodeContractSpec" name="An_explicitly_registered_assembly_is_enumerated_once" />
    </UnitTest>
    <UnitTest name="FM-4: a scalar value object reached only through a nullable property mirrors its primitive" storage="/home/lucasrgt/projects/skies/examples/sample-app/backend/sample.tests/bin/debug/net10.0/sample.tests.dll" id="4072c344-28f8-451f-a2d4-ad532f7c2861">
      <Execution id="723daaf3-0324-4c32-b55e-2766b76abd76" />
      <TestMethod codeBase="/home/lucasrgt/Projects/skies/examples/sample-app/backend/Sample.Tests/bin/Debug/net10.0/Sample.Tests.dll" adapterTypeName="executor://xunit/VsTestRunner3/netcore/" className="Specs.S0005.SchemaContractSpec" name="A_nullable_only_scalar_value_object_mirrors_its_primitive" />
    </UnitTest>
    <UnitTest name="FM-6: the page's four members are required, plain array and integers" storage="/home/lucasrgt/projects/skies/examples/sample-app/backend/sample.tests/bin/debug/net10.0/sample.tests.dll" id="cc8369cb-8341-4613-c613-2c95bc629f24">
      <Execution id="99ce5c49-6dbf-4e3e-81ba-b516ee162fdc" />
      <TestMethod codeBase="/home/lucasrgt/Projects/skies/examples/sample-app/backend/Sample.Tests/bin/Debug/net10.0/Sample.Tests.dll" adapterTypeName="executor://xunit/VsTestRunner3/netcore/" className="Specs.S0005.SchemaContractSpec" name="The_page_schema_is_required_and_plainly_typed" />
    </UnitTest>
    <UnitTest name="FM-5: a numeric query parameter accepts no strings" storage="/home/lucasrgt/projects/skies/examples/sample-app/backend/sample.tests/bin/debug/net10.0/sample.tests.dll" id="b422ae4a-9e62-cecc-9d59-f7972d9302fe">
      <Execution id="da5aaabd-a700-4a25-b629-58727bb09085" />
      <TestMethod codeBase="/home/lucasrgt/Projects/skies/examples/sample-app/backend/Sample.Tests/bin/Debug/net10.0/Sample.Tests.dll" adapterTypeName="executor://xunit/VsTestRunner3/netcore/" className="Specs.S0005.SchemaContractSpec" name="A_numeric_query_parameter_is_plainly_typed" />
    </UnitTest>
    <UnitTest name="FM-3: a numeric body property is a plain number" storage="/home/lucasrgt/projects/skies/examples/sample-app/backend/sample.tests/bin/debug/net10.0/sample.tests.dll" id="269e1e8c-d94a-bc52-2899-95723aeed0c0">
      <Execution id="ccd3b430-fc39-41b2-8b4f-73ba4831b8a2" />
      <TestMethod codeBase="/home/lucasrgt/Projects/skies/examples/sample-app/backend/Sample.Tests/bin/Debug/net10.0/Sample.Tests.dll" adapterTypeName="executor://xunit/VsTestRunner3/netcore/" className="Specs.S0005.SchemaContractSpec" name="A_numeric_body_property_is_plainly_typed" />
    </UnitTest>
    <UnitTest name="FM-7: a slice's output references its own slice-qualified page" storage="/home/lucasrgt/projects/skies/examples/sample-app/backend/sample.tests/bin/debug/net10.0/sample.tests.dll" id="8090b0c6-e1bb-4cec-d38e-ae5396e91e7a">
      <Execution id="144f4f9e-ca9a-46be-9d9a-f793541731df" />
      <TestMethod codeBase="/home/lucasrgt/Projects/skies/examples/sample-app/backend/Sample.Tests/bin/Debug/net10.0/Sample.Tests.dll" adapterTypeName="executor://xunit/VsTestRunner3/netcore/" className="Specs.S0005.SchemaContractSpec" name="The_slice_output_references_its_qualified_page" />
    </UnitTest>
    <UnitTest name="FM-1: ErrorBody.code enumerates the app's registry codes" storage="/home/lucasrgt/projects/skies/examples/sample-app/backend/sample.tests/bin/debug/net10.0/sample.tests.dll" id="c534da32-25c5-d8df-0546-d03b5af946a3">
      <Execution id="97d668da-b048-49d0-b510-282fec7f74f2" />
      <TestMethod codeBase="/home/lucasrgt/Projects/skies/examples/sample-app/backend/Sample.Tests/bin/Debug/net10.0/Sample.Tests.dll" adapterTypeName="executor://xunit/VsTestRunner3/netcore/" className="Specs.S0005.ErrorCodeContractSpec" name="ErrorBody_code_enumerates_the_registries" />
    </UnitTest>
  </TestDefinitions>
  <TestEntries>
    <TestEntry testId="cc8369cb-8341-4613-c613-2c95bc629f24" executionId="99ce5c49-6dbf-4e3e-81ba-b516ee162fdc" testListId="8c84fa94-04c1-424b-9868-57a2d4851a1d" />
    <TestEntry testId="3b424cf8-b5b0-e09a-f50a-55abe842c748" executionId="5cf7ce18-21f6-4281-bab1-dd1584a109e3" testListId="8c84fa94-04c1-424b-9868-57a2d4851a1d" />
    <TestEntry testId="c534da32-25c5-d8df-0546-d03b5af946a3" executionId="97d668da-b048-49d0-b510-282fec7f74f2" testListId="8c84fa94-04c1-424b-9868-57a2d4851a1d" />
    <TestEntry testId="b422ae4a-9e62-cecc-9d59-f7972d9302fe" executionId="da5aaabd-a700-4a25-b629-58727bb09085" testListId="8c84fa94-04c1-424b-9868-57a2d4851a1d" />
    <TestEntry testId="8090b0c6-e1bb-4cec-d38e-ae5396e91e7a" executionId="144f4f9e-ca9a-46be-9d9a-f793541731df" testListId="8c84fa94-04c1-424b-9868-57a2d4851a1d" />
    <TestEntry testId="4072c344-28f8-451f-a2d4-ad532f7c2861" executionId="723daaf3-0324-4c32-b55e-2766b76abd76" testListId="8c84fa94-04c1-424b-9868-57a2d4851a1d" />
    <TestEntry testId="269e1e8c-d94a-bc52-2899-95723aeed0c0" executionId="ccd3b430-fc39-41b2-8b4f-73ba4831b8a2" testListId="8c84fa94-04c1-424b-9868-57a2d4851a1d" />
    <TestEntry testId="6f2fdeda-946d-34f8-1a69-a20141d0e032" executionId="616e1023-73b5-4a7c-9bde-ef3e39b2eb6e" testListId="8c84fa94-04c1-424b-9868-57a2d4851a1d" />
  </TestEntries>
  <TestLists>
    <TestList name="Results Not in a List" id="8c84fa94-04c1-424b-9868-57a2d4851a1d" />
    <TestList name="All Loaded Results" id="19431567-8539-422a-85d7-44ee4e166bda" />
  </TestLists>
  <ResultSummary outcome="Completed">
    <Counters total="8" executed="8" passed="8" failed="0" error="0" timeout="0" aborted="0" inconclusive="0" passedButRunAborted="0" notRunnable="0" notExecuted="0" disconnected="0" warning="0" completed="0" inProgress="0" pending="0" />
    <Output>
      <StdOut>[xUnit.net 00:00:00.00] xUnit.net VSTest Adapter v3.1.4+50e68bbb8b (64-bit .NET 10.0.12)
[xUnit.net 00:00:00.05]   Discovering: Sample.Tests
[xUnit.net 00:00:00.07]   Discovered:  Sample.Tests
[xUnit.net 00:00:00.08]   Starting:    Sample.Tests
info: Microsoft.EntityFrameworkCore.Update[30100]
      Saved 1 entities to in-memory store.
info: Microsoft.EntityFrameworkCore.Update[30100]
      Saved 1 entities to in-memory store.
info: Microsoft.Hosting.Lifetime[0]
      Application started. Press Ctrl+C to shut down.
info: Microsoft.Hosting.Lifetime[0]
      Hosting environment: Development
info: Microsoft.Hosting.Lifetime[0]
      Content root path: /home/lucasrgt/Projects/skies/examples/sample-app/backend/Sample.Api
info: Microsoft.Hosting.Lifetime[0]
      Application started. Press Ctrl+C to shut down.
info: Microsoft.Hosting.Lifetime[0]
      Hosting environment: Development
info: Microsoft.Hosting.Lifetime[0]
      Content root path: /home/lucasrgt/Projects/skies/examples/sample-app/backend/Sample.Api
info: Microsoft.Hosting.Lifetime[0]
      Application is shutting down...
info: Microsoft.Hosting.Lifetime[0]
      Application is shutting down...
info: Microsoft.EntityFrameworkCore.Update[30100]
      Saved 1 entities to in-memory store.
info: Microsoft.EntityFrameworkCore.Update[30100]
      Saved 1 entities to in-memory store.
info: Microsoft.Hosting.Lifetime[0]
      Application started. Press Ctrl+C to shut down.
info: Microsoft.Hosting.Lifetime[0]
      Hosting environment: Development
info: Microsoft.Hosting.Lifetime[0]
      Content root path: /home/lucasrgt/Projects/skies/examples/sample-app/backend/Sample.Api
info: Microsoft.Hosting.Lifetime[0]
      Application started. Press Ctrl+C to shut down.
info: Microsoft.Hosting.Lifetime[0]
      Hosting environment: Development
info: Microsoft.Hosting.Lifetime[0]
      Content root path: /home/lucasrgt/Projects/skies/examples/sample-app/backend/Sample.Api
info: Microsoft.Hosting.Lifetime[0]
      Application is shutting down...
info: Microsoft.Hosting.Lifetime[0]
      Application is shutting down...
info: Microsoft.EntityFrameworkCore.Update[30100]
      Saved 1 entities to in-memory store.
info: Microsoft.Hosting.Lifetime[0]
      Application started. Press Ctrl+C to shut down.
info: Microsoft.Hosting.Lifetime[0]
      Hosting environment: Development
info: Microsoft.Hosting.Lifetime[0]
      Content root path: /home/lucasrgt/Projects/skies/examples/sample-app/backend/Sample.Api
info: Microsoft.EntityFrameworkCore.Update[30100]
      Saved 1 entities to in-memory store.
info: Microsoft.Hosting.Lifetime[0]
      Application started. Press Ctrl+C to shut down.
info: Microsoft.Hosting.Lifetime[0]
      Hosting environment: Development
info: Microsoft.Hosting.Lifetime[0]
      Content root path: /home/lucasrgt/Projects/skies/examples/sample-app/backend/Sample.Api
info: Microsoft.Hosting.Lifetime[0]
      Application is shutting down...
info: Microsoft.Hosting.Lifetime[0]
      Application is shutting down...
info: Microsoft.EntityFrameworkCore.Update[30100]
      Saved 1 entities to in-memory store.
info: Microsoft.Hosting.Lifetime[0]
      Application started. Press Ctrl+C to shut down.
info: Microsoft.Hosting.Lifetime[0]
      Hosting environment: Development
info: Microsoft.Hosting.Lifetime[0]
      Content root path: /home/lucasrgt/Projects/skies/examples/sample-app/backend/Sample.Api
info: Microsoft.Hosting.Lifetime[0]
      Application is shutting down...
info: Microsoft.EntityFrameworkCore.Update[30100]
      Saved 1 entities to in-memory store.
info: Microsoft.Hosting.Lifetime[0]
      Application started. Press Ctrl+C to shut down.
info: Microsoft.Hosting.Lifetime[0]
      Hosting environment: Development
info: Microsoft.Hosting.Lifetime[0]
      Content root path: /home/lucasrgt/Projects/skies/examples/sample-app/backend/Sample.Api
info: Microsoft.Hosting.Lifetime[0]
      Application is shutting down...
[xUnit.net 00:00:00.69]   Finished:    Sample.Tests
</StdOut>
    </Output>
  </ResultSummary>
</TestRun>