<?xml version="1.0" encoding="utf-8"?>
<TestRun id="00000000-0000-0000-0000-000000000001" name="{run}" xmlns="http://microsoft.com/schemas/VisualStudio/TeamTest/2010">
  <Times creation="2026-09-24T04:41:06.7241635-03:00" queuing="2026-09-24T04:41:06.7241636-03:00" start="2026-09-24T04:41:05.0151557-03:00" finish="2026-09-24T04:41:06.7293169-03:00" />
  <TestSettings name="default" id="00000000-0000-0000-0000-000000000002">
    <Deployment runDeploymentRoot="{run}" />
  </TestSettings>
  <Results>
    <UnitTestResult executionId="00000000-0000-0000-0000-000000000003" testId="7bf2ecc3-9f8a-5e6c-5b6e-4d5134e97f61" testName="FM-4: a missing destination answers 404 and the source keeps its money" computerName="{machine}" duration="00:00:00.4683563" startTime="2026-09-24T04:41:05.8675467-03:00" endTime="2026-09-24T04:41:06.3333647-03:00" testType="13cdc9d9-ddb5-4fa4-a97d-d965ccfc6d4b" outcome="Failed" testListId="8c84fa94-04c1-424b-9868-57a2d4851a1d" relativeResultsDirectory="00000000-0000-0000-0000-000000000003">
      <Output>
        <ErrorInfo>
          <Message>Assert.Contains() Failure: Sub-string not found
String:    ""
Not found: "wallets.not_found"</Message>
          <StackTrace>   at Specs.S0009.TransferSpec.Missing_destination_is_not_found() in {root}/examples/sample-app/.specs/0009-transfer/e2e/TransferSpec.cs:line 74
   at Specs.S0009.TransferSpec.Missing_destination_is_not_found() in {root}/examples/sample-app/.specs/0009-transfer/e2e/TransferSpec.cs:line 75
--- End of stack trace from previous location ---</StackTrace>
        </ErrorInfo>
      </Output>
    </UnitTestResult>
    <UnitTestResult executionId="00000000-0000-0000-0000-000000000004" testId="78421f21-5afc-1bdf-275a-266e7da47381" testName="FM-5: every invalid field is reported at once" computerName="{machine}" duration="00:00:00.0220547" startTime="2026-09-24T04:41:06.4222213-03:00" endTime="2026-09-24T04:41:06.4343055-03:00" testType="13cdc9d9-ddb5-4fa4-a97d-d965ccfc6d4b" outcome="Failed" testListId="8c84fa94-04c1-424b-9868-57a2d4851a1d" relativeResultsDirectory="00000000-0000-0000-0000-000000000004">
      <Output>
        <ErrorInfo>
          <Message>Assert.Equal() Failure: Values differ
Expected: BadRequest
Actual:   NotFound</Message>
          <StackTrace>   at Specs.S0009.TransferSpec.Every_invalid_field_is_reported() in {root}/examples/sample-app/.specs/0009-transfer/e2e/TransferSpec.cs:line 101
   at Specs.S0009.TransferSpec.Every_invalid_field_is_reported() in {root}/examples/sample-app/.specs/0009-transfer/e2e/TransferSpec.cs:line 105
--- End of stack trace from previous location ---</StackTrace>
        </ErrorInfo>
      </Output>
    </UnitTestResult>
    <UnitTestResult executionId="00000000-0000-0000-0000-000000000005" testId="609e8bb6-a2d4-04c5-326a-a6731554dfcd" testName="FM-6: a retry with the same Idempotency-Key moves the money once" computerName="{machine}" duration="00:00:00.0508336" startTime="2026-09-24T04:41:06.3438839-03:00" endTime="2026-09-24T04:41:06.3855595-03:00" testType="13cdc9d9-ddb5-4fa4-a97d-d965ccfc6d4b" outcome="Failed" testListId="8c84fa94-04c1-424b-9868-57a2d4851a1d" relativeResultsDirectory="00000000-0000-0000-0000-000000000005">
      <Output>
        <ErrorInfo>
          <Message>first call with the first key: expected acceptance (2xx), got 404.</Message>
          <StackTrace>   at Specs.S0009.TransferSpec.Same_key_moves_once() in {root}/examples/sample-app/.specs/0009-transfer/e2e/TransferSpec.cs:line 126
   at Specs.S0009.TransferSpec.Same_key_moves_once() in {root}/examples/sample-app/.specs/0009-transfer/e2e/TransferSpec.cs:line 130
--- End of stack trace from previous location ---</StackTrace>
        </ErrorInfo>
      </Output>
    </UnitTestResult>
    <UnitTestResult executionId="00000000-0000-0000-0000-000000000006" testId="ea619da1-82d5-f211-43cf-e8ce575c15c1" testName="FM-1: a transfer debits the source and credits the destination" computerName="{machine}" duration="00:00:00.0113713" startTime="2026-09-24T04:41:06.4464529-03:00" endTime="2026-09-24T04:41:06.4576092-03:00" testType="13cdc9d9-ddb5-4fa4-a97d-d965ccfc6d4b" outcome="Failed" testListId="8c84fa94-04c1-424b-9868-57a2d4851a1d" relativeResultsDirectory="00000000-0000-0000-0000-000000000006">
      <Output>
        <ErrorInfo>
          <Message>System.Net.Http.HttpRequestException : Response status code does not indicate success: 404 (Not Found).</Message>
          <StackTrace>   at System.Net.Http.HttpResponseMessage.EnsureSuccessStatusCode()
   at Specs.S0009.TransferSpec.Transfer_moves_the_amount() in {root}/examples/sample-app/.specs/0009-transfer/e2e/TransferSpec.cs:line 29
   at Specs.S0009.TransferSpec.Transfer_moves_the_amount() in {root}/examples/sample-app/.specs/0009-transfer/e2e/TransferSpec.cs:line 34
--- End of stack trace from previous location ---</StackTrace>
        </ErrorInfo>
      </Output>
    </UnitTestResult>
    <UnitTestResult executionId="00000000-0000-0000-0000-000000000007" testId="cfe133ac-4c18-c177-5913-2f225e5322bc" testName="FM-4: a missing source answers 404 and the destination is not credited" computerName="{machine}" duration="00:00:00.0123964" startTime="2026-09-24T04:41:06.3998288-03:00" endTime="2026-09-24T04:41:06.4118053-03:00" testType="13cdc9d9-ddb5-4fa4-a97d-d965ccfc6d4b" outcome="Failed" testListId="8c84fa94-04c1-424b-9868-57a2d4851a1d" relativeResultsDirectory="00000000-0000-0000-0000-000000000007">
      <Output>
        <ErrorInfo>
          <Message>Assert.Contains() Failure: Sub-string not found
String:    ""
Not found: "wallets.not_found"</Message>
          <StackTrace>   at Specs.S0009.TransferSpec.Missing_source_is_not_found() in {root}/examples/sample-app/.specs/0009-transfer/e2e/TransferSpec.cs:line 88
   at Specs.S0009.TransferSpec.Missing_source_is_not_found() in {root}/examples/sample-app/.specs/0009-transfer/e2e/TransferSpec.cs:line 89
--- End of stack trace from previous location ---</StackTrace>
        </ErrorInfo>
      </Output>
    </UnitTestResult>
    <UnitTestResult executionId="00000000-0000-0000-0000-000000000008" testId="d7444c3c-e261-b918-7930-7213ad7ed482" testName="FM-3: a transfer from a wallet to itself answers 422 and leaves it untouched" computerName="{machine}" duration="00:00:00.0111703" startTime="2026-09-24T04:41:06.4350354-03:00" endTime="2026-09-24T04:41:06.4458354-03:00" testType="13cdc9d9-ddb5-4fa4-a97d-d965ccfc6d4b" outcome="Failed" testListId="8c84fa94-04c1-424b-9868-57a2d4851a1d" relativeResultsDirectory="00000000-0000-0000-0000-000000000008">
      <Output>
        <ErrorInfo>
          <Message>Assert.Equal() Failure: Values differ
Expected: UnprocessableEntity
Actual:   NotFound</Message>
          <StackTrace>   at Specs.S0009.TransferSpec.Same_wallet_is_refused() in {root}/examples/sample-app/.specs/0009-transfer/e2e/TransferSpec.cs:line 60
   at Specs.S0009.TransferSpec.Same_wallet_is_refused() in {root}/examples/sample-app/.specs/0009-transfer/e2e/TransferSpec.cs:line 61
--- End of stack trace from previous location ---</StackTrace>
        </ErrorInfo>
      </Output>
    </UnitTestResult>
    <UnitTestResult executionId="00000000-0000-0000-0000-000000000009" testId="46f7b49c-2e7e-a3de-1841-2462c421c92a" testName="FM-2: overdrawing the source answers 422 and moves neither balance" computerName="{machine}" duration="00:00:00.0130776" startTime="2026-09-24T04:41:06.3867976-03:00" endTime="2026-09-24T04:41:06.3990142-03:00" testType="13cdc9d9-ddb5-4fa4-a97d-d965ccfc6d4b" outcome="Failed" testListId="8c84fa94-04c1-424b-9868-57a2d4851a1d" relativeResultsDirectory="00000000-0000-0000-0000-000000000009">
      <Output>
        <ErrorInfo>
          <Message>Assert.Equal() Failure: Values differ
Expected: UnprocessableEntity
Actual:   NotFound</Message>
          <StackTrace>   at Specs.S0009.TransferSpec.Overdraw_is_refused() in {root}/examples/sample-app/.specs/0009-transfer/e2e/TransferSpec.cs:line 46
   at Specs.S0009.TransferSpec.Overdraw_is_refused() in {root}/examples/sample-app/.specs/0009-transfer/e2e/TransferSpec.cs:line 48
--- End of stack trace from previous location ---</StackTrace>
        </ErrorInfo>
      </Output>
    </UnitTestResult>
  </Results>
  <TestDefinitions>
    <UnitTest name="FM-6: a retry with the same Idempotency-Key moves the money once" storage="{root}/examples/sample-app/backend/sample.tests/bin/debug/net10.0/sample.tests.dll" id="609e8bb6-a2d4-04c5-326a-a6731554dfcd">
      <Execution id="00000000-0000-0000-0000-000000000005" />
      <TestMethod codeBase="{root}/examples/sample-app/backend/Sample.Tests/bin/Debug/net10.0/Sample.Tests.dll" adapterTypeName="executor://xunit/VsTestRunner3/netcore/" className="Specs.S0009.TransferSpec" name="Same_key_moves_once" />
    </UnitTest>
    <UnitTest name="FM-3: a transfer from a wallet to itself answers 422 and leaves it untouched" storage="{root}/examples/sample-app/backend/sample.tests/bin/debug/net10.0/sample.tests.dll" id="d7444c3c-e261-b918-7930-7213ad7ed482">
      <Execution id="00000000-0000-0000-0000-000000000008" />
      <TestMethod codeBase="{root}/examples/sample-app/backend/Sample.Tests/bin/Debug/net10.0/Sample.Tests.dll" adapterTypeName="executor://xunit/VsTestRunner3/netcore/" className="Specs.S0009.TransferSpec" name="Same_wallet_is_refused" />
    </UnitTest>
    <UnitTest name="FM-4: a missing source answers 404 and the destination is not credited" storage="{root}/examples/sample-app/backend/sample.tests/bin/debug/net10.0/sample.tests.dll" id="cfe133ac-4c18-c177-5913-2f225e5322bc">
      <Execution id="00000000-0000-0000-0000-000000000007" />
      <TestMethod codeBase="{root}/examples/sample-app/backend/Sample.Tests/bin/Debug/net10.0/Sample.Tests.dll" adapterTypeName="executor://xunit/VsTestRunner3/netcore/" className="Specs.S0009.TransferSpec" name="Missing_source_is_not_found" />
    </UnitTest>
    <UnitTest name="FM-1: a transfer debits the source and credits the destination" storage="{root}/examples/sample-app/backend/sample.tests/bin/debug/net10.0/sample.tests.dll" id="ea619da1-82d5-f211-43cf-e8ce575c15c1">
      <Execution id="00000000-0000-0000-0000-000000000006" />
      <TestMethod codeBase="{root}/examples/sample-app/backend/Sample.Tests/bin/Debug/net10.0/Sample.Tests.dll" adapterTypeName="executor://xunit/VsTestRunner3/netcore/" className="Specs.S0009.TransferSpec" name="Transfer_moves_the_amount" />
    </UnitTest>
    <UnitTest name="FM-4: a missing destination answers 404 and the source keeps its money" storage="{root}/examples/sample-app/backend/sample.tests/bin/debug/net10.0/sample.tests.dll" id="7bf2ecc3-9f8a-5e6c-5b6e-4d5134e97f61">
      <Execution id="00000000-0000-0000-0000-000000000003" />
      <TestMethod codeBase="{root}/examples/sample-app/backend/Sample.Tests/bin/Debug/net10.0/Sample.Tests.dll" adapterTypeName="executor://xunit/VsTestRunner3/netcore/" className="Specs.S0009.TransferSpec" name="Missing_destination_is_not_found" />
    </UnitTest>
    <UnitTest name="FM-2: overdrawing the source answers 422 and moves neither balance" storage="{root}/examples/sample-app/backend/sample.tests/bin/debug/net10.0/sample.tests.dll" id="46f7b49c-2e7e-a3de-1841-2462c421c92a">
      <Execution id="00000000-0000-0000-0000-000000000009" />
      <TestMethod codeBase="{root}/examples/sample-app/backend/Sample.Tests/bin/Debug/net10.0/Sample.Tests.dll" adapterTypeName="executor://xunit/VsTestRunner3/netcore/" className="Specs.S0009.TransferSpec" name="Overdraw_is_refused" />
    </UnitTest>
    <UnitTest name="FM-5: every invalid field is reported at once" storage="{root}/examples/sample-app/backend/sample.tests/bin/debug/net10.0/sample.tests.dll" id="78421f21-5afc-1bdf-275a-266e7da47381">
      <Execution id="00000000-0000-0000-0000-000000000004" />
      <TestMethod codeBase="{root}/examples/sample-app/backend/Sample.Tests/bin/Debug/net10.0/Sample.Tests.dll" adapterTypeName="executor://xunit/VsTestRunner3/netcore/" className="Specs.S0009.TransferSpec" name="Every_invalid_field_is_reported" />
    </UnitTest>
  </TestDefinitions>
  <TestEntries>
    <TestEntry testId="7bf2ecc3-9f8a-5e6c-5b6e-4d5134e97f61" executionId="00000000-0000-0000-0000-000000000003" testListId="8c84fa94-04c1-424b-9868-57a2d4851a1d" />
    <TestEntry testId="78421f21-5afc-1bdf-275a-266e7da47381" executionId="00000000-0000-0000-0000-000000000004" testListId="8c84fa94-04c1-424b-9868-57a2d4851a1d" />
    <TestEntry testId="609e8bb6-a2d4-04c5-326a-a6731554dfcd" executionId="00000000-0000-0000-0000-000000000005" testListId="8c84fa94-04c1-424b-9868-57a2d4851a1d" />
    <TestEntry testId="ea619da1-82d5-f211-43cf-e8ce575c15c1" executionId="00000000-0000-0000-0000-000000000006" testListId="8c84fa94-04c1-424b-9868-57a2d4851a1d" />
    <TestEntry testId="cfe133ac-4c18-c177-5913-2f225e5322bc" executionId="00000000-0000-0000-0000-000000000007" testListId="8c84fa94-04c1-424b-9868-57a2d4851a1d" />
    <TestEntry testId="d7444c3c-e261-b918-7930-7213ad7ed482" executionId="00000000-0000-0000-0000-000000000008" testListId="8c84fa94-04c1-424b-9868-57a2d4851a1d" />
    <TestEntry testId="46f7b49c-2e7e-a3de-1841-2462c421c92a" executionId="00000000-0000-0000-0000-000000000009" testListId="8c84fa94-04c1-424b-9868-57a2d4851a1d" />
  </TestEntries>
  <TestLists>
    <TestList name="Results Not in a List" id="8c84fa94-04c1-424b-9868-57a2d4851a1d" />
    <TestList name="All Loaded Results" id="19431567-8539-422a-85d7-44ee4e166bda" />
  </TestLists>
  <ResultSummary outcome="Failed">
    <Counters total="7" executed="7" passed="0" failed="7" error="0" timeout="0" aborted="0" inconclusive="0" passedButRunAborted="0" notRunnable="0" notExecuted="0" disconnected="0" warning="0" completed="0" inProgress="0" pending="0" />
    <Output>
      <StdOut>[xUnit.net 00:00:00.00] xUnit.net VSTest Adapter v3.1.4+50e68bbb8b (64-bit .NET 10.0.12)
[xUnit.net 00:00:00.05]   Discovering: Sample.Tests
[xUnit.net 00:00:00.07]   Discovered:  Sample.Tests
[xUnit.net 00:00:00.09]   Starting:    Sample.Tests
info: Microsoft.EntityFrameworkCore.Update[30100]
      Saved 1 entities to in-memory store.
info: Microsoft.Hosting.Lifetime[0]
      Application started. Press Ctrl+C to shut down.
info: Microsoft.Hosting.Lifetime[0]
      Hosting environment: Development
info: Microsoft.Hosting.Lifetime[0]
      Content root path: {root}/examples/sample-app/backend/Sample.Api
info: Microsoft.EntityFrameworkCore.Update[30100]
      Saved 1 entities to in-memory store.
info: Microsoft.EntityFrameworkCore.Update[30100]
      Saved 1 entities to in-memory store.
info: Microsoft.Hosting.Lifetime[0]
      Application is shutting down...
[xUnit.net 00:00:00.58]       Assert.Contains() Failure: Sub-string not found
[xUnit.net 00:00:00.58]       String:    ""
[xUnit.net 00:00:00.58]       Not found: "wallets.not_found"
[xUnit.net 00:00:00.58]       Stack Trace:
[xUnit.net 00:00:00.59]         {root}/examples/sample-app/.specs/0009-transfer/e2e/TransferSpec.cs(74,0): at Specs.S0009.TransferSpec.Missing_destination_is_not_found()
[xUnit.net 00:00:00.59]         {root}/examples/sample-app/.specs/0009-transfer/e2e/TransferSpec.cs(75,0): at Specs.S0009.TransferSpec.Missing_destination_is_not_found()
[xUnit.net 00:00:00.59]         --- End of stack trace from previous location ---
info: Microsoft.EntityFrameworkCore.Update[30100]
      Saved 1 entities to in-memory store.
info: Microsoft.Hosting.Lifetime[0]
      Application started. Press Ctrl+C to shut down.
info: Microsoft.Hosting.Lifetime[0]
      Hosting environment: Development
info: Microsoft.Hosting.Lifetime[0]
      Content root path: {root}/examples/sample-app/backend/Sample.Api
info: Microsoft.EntityFrameworkCore.Update[30100]
      Saved 1 entities to in-memory store.
info: Microsoft.EntityFrameworkCore.Update[30100]
      Saved 1 entities to in-memory store.
info: Microsoft.Hosting.Lifetime[0]
      Application is shutting down...
[xUnit.net 00:00:00.64]       first call with the first key: expected acceptance (2xx), got 404.
[xUnit.net 00:00:00.64]       Stack Trace:
[xUnit.net 00:00:00.64]         {root}/examples/sample-app/.specs/0009-transfer/e2e/TransferSpec.cs(126,0): at Specs.S0009.TransferSpec.Same_key_moves_once()
[xUnit.net 00:00:00.64]         {root}/examples/sample-app/.specs/0009-transfer/e2e/TransferSpec.cs(130,0): at Specs.S0009.TransferSpec.Same_key_moves_once()
[xUnit.net 00:00:00.64]         --- End of stack trace from previous location ---
info: Microsoft.EntityFrameworkCore.Update[30100]
      Saved 1 entities to in-memory store.
info: Microsoft.Hosting.Lifetime[0]
      Application started. Press Ctrl+C to shut down.
info: Microsoft.Hosting.Lifetime[0]
      Hosting environment: Development
info: Microsoft.Hosting.Lifetime[0]
      Content root path: {root}/examples/sample-app/backend/Sample.Api
info: Microsoft.EntityFrameworkCore.Update[30100]
      Saved 1 entities to in-memory store.
info: Microsoft.EntityFrameworkCore.Update[30100]
      Saved 1 entities to in-memory store.
info: Microsoft.Hosting.Lifetime[0]
      Application is shutting down...
[xUnit.net 00:00:00.65]       Assert.Equal() Failure: Values differ
[xUnit.net 00:00:00.65]       Expected: UnprocessableEntity
[xUnit.net 00:00:00.65]       Actual:   NotFound
[xUnit.net 00:00:00.65]       Stack Trace:
[xUnit.net 00:00:00.65]         {root}/examples/sample-app/.specs/0009-transfer/e2e/TransferSpec.cs(46,0): at Specs.S0009.TransferSpec.Overdraw_is_refused()
[xUnit.net 00:00:00.65]         {root}/examples/sample-app/.specs/0009-transfer/e2e/TransferSpec.cs(48,0): at Specs.S0009.TransferSpec.Overdraw_is_refused()
[xUnit.net 00:00:00.65]         --- End of stack trace from previous location ---
info: Microsoft.EntityFrameworkCore.Update[30100]
      Saved 1 entities to in-memory store.
info: Microsoft.Hosting.Lifetime[0]
      Application started. Press Ctrl+C to shut down.
info: Microsoft.Hosting.Lifetime[0]
      Hosting environment: Development
info: Microsoft.Hosting.Lifetime[0]
      Content root path: {root}/examples/sample-app/backend/Sample.Api
info: Microsoft.EntityFrameworkCore.Update[30100]
      Saved 1 entities to in-memory store.
info: Microsoft.EntityFrameworkCore.Update[30100]
      Saved 1 entities to in-memory store.
info: Microsoft.Hosting.Lifetime[0]
      Application is shutting down...
[xUnit.net 00:00:00.66]       Assert.Contains() Failure: Sub-string not found
[xUnit.net 00:00:00.66]       String:    ""
[xUnit.net 00:00:00.66]       Not found: "wallets.not_found"
[xUnit.net 00:00:00.66]       Stack Trace:
[xUnit.net 00:00:00.66]         {root}/examples/sample-app/.specs/0009-transfer/e2e/TransferSpec.cs(88,0): at Specs.S0009.TransferSpec.Missing_source_is_not_found()
[xUnit.net 00:00:00.66]         {root}/examples/sample-app/.specs/0009-transfer/e2e/TransferSpec.cs(89,0): at Specs.S0009.TransferSpec.Missing_source_is_not_found()
[xUnit.net 00:00:00.66]         --- End of stack trace from previous location ---
info: Microsoft.EntityFrameworkCore.Update[30100]
      Saved 1 entities to in-memory store.
info: Microsoft.Hosting.Lifetime[0]
      Application started. Press Ctrl+C to shut down.
info: Microsoft.Hosting.Lifetime[0]
      Hosting environment: Development
info: Microsoft.Hosting.Lifetime[0]
      Content root path: {root}/examples/sample-app/backend/Sample.Api
info: Microsoft.EntityFrameworkCore.Update[30100]
      Saved 1 entities to in-memory store.
info: Microsoft.EntityFrameworkCore.Update[30100]
      Saved 1 entities to in-memory store.
info: Microsoft.Hosting.Lifetime[0]
      Application is shutting down...
[xUnit.net 00:00:00.68]       Assert.Equal() Failure: Values differ
[xUnit.net 00:00:00.68]       Expected: BadRequest
[xUnit.net 00:00:00.68]       Actual:   NotFound
[xUnit.net 00:00:00.68]       Stack Trace:
[xUnit.net 00:00:00.68]         {root}/examples/sample-app/.specs/0009-transfer/e2e/TransferSpec.cs(101,0): at Specs.S0009.TransferSpec.Every_invalid_field_is_reported()
[xUnit.net 00:00:00.68]         {root}/examples/sample-app/.specs/0009-transfer/e2e/TransferSpec.cs(105,0): at Specs.S0009.TransferSpec.Every_invalid_field_is_reported()
[xUnit.net 00:00:00.68]         --- End of stack trace from previous location ---
info: Microsoft.EntityFrameworkCore.Update[30100]
      Saved 1 entities to in-memory store.
info: Microsoft.Hosting.Lifetime[0]
      Application started. Press Ctrl+C to shut down.
info: Microsoft.Hosting.Lifetime[0]
      Hosting environment: Development
info: Microsoft.Hosting.Lifetime[0]
      Content root path: {root}/examples/sample-app/backend/Sample.Api
info: Microsoft.EntityFrameworkCore.Update[30100]
      Saved 1 entities to in-memory store.
info: Microsoft.EntityFrameworkCore.Update[30100]
      Saved 1 entities to in-memory store.
info: Microsoft.Hosting.Lifetime[0]
      Application is shutting down...
[xUnit.net 00:00:00.70]       Assert.Equal() Failure: Values differ
[xUnit.net 00:00:00.70]       Expected: UnprocessableEntity
[xUnit.net 00:00:00.70]       Actual:   NotFound
[xUnit.net 00:00:00.70]       Stack Trace:
[xUnit.net 00:00:00.70]         {root}/examples/sample-app/.specs/0009-transfer/e2e/TransferSpec.cs(60,0): at Specs.S0009.TransferSpec.Same_wallet_is_refused()
[xUnit.net 00:00:00.70]         {root}/examples/sample-app/.specs/0009-transfer/e2e/TransferSpec.cs(61,0): at Specs.S0009.TransferSpec.Same_wallet_is_refused()
[xUnit.net 00:00:00.70]         --- End of stack trace from previous location ---
info: Microsoft.EntityFrameworkCore.Update[30100]
      Saved 1 entities to in-memory store.
info: Microsoft.Hosting.Lifetime[0]
      Application started. Press Ctrl+C to shut down.
info: Microsoft.Hosting.Lifetime[0]
      Hosting environment: Development
info: Microsoft.Hosting.Lifetime[0]
      Content root path: {root}/examples/sample-app/backend/Sample.Api
info: Microsoft.EntityFrameworkCore.Update[30100]
      Saved 1 entities to in-memory store.
info: Microsoft.EntityFrameworkCore.Update[30100]
      Saved 1 entities to in-memory store.
info: Microsoft.Hosting.Lifetime[0]
      Application is shutting down...
[xUnit.net 00:00:00.71]       System.Net.Http.HttpRequestException : Response status code does not indicate success: 404 (Not Found).
[xUnit.net 00:00:00.71]       Stack Trace:
[xUnit.net 00:00:00.71]            at System.Net.Http.HttpResponseMessage.EnsureSuccessStatusCode()
[xUnit.net 00:00:00.71]         {root}/examples/sample-app/.specs/0009-transfer/e2e/TransferSpec.cs(29,0): at Specs.S0009.TransferSpec.Transfer_moves_the_amount()
[xUnit.net 00:00:00.71]         {root}/examples/sample-app/.specs/0009-transfer/e2e/TransferSpec.cs(34,0): at Specs.S0009.TransferSpec.Transfer_moves_the_amount()
[xUnit.net 00:00:00.71]         --- End of stack trace from previous location ---
[xUnit.net 00:00:00.71]   Finished:    Sample.Tests
</StdOut>
    </Output>
    <RunInfos>
      <RunInfo computerName="{machine}" outcome="Error" timestamp="2026-09-24T04:41:06.3350779-03:00">
        <Text>[xUnit.net 00:00:00.58]     FM-4: a missing destination answers 404 and the source keeps its money [FAIL]</Text>
      </RunInfo>
      <RunInfo computerName="{machine}" outcome="Error" timestamp="2026-09-24T04:41:06.3858654-03:00">
        <Text>[xUnit.net 00:00:00.64]     FM-6: a retry with the same Idempotency-Key moves the money once [FAIL]</Text>
      </RunInfo>
      <RunInfo computerName="{machine}" outcome="Error" timestamp="2026-09-24T04:41:06.3993052-03:00">
        <Text>[xUnit.net 00:00:00.65]     FM-2: overdrawing the source answers 422 and moves neither balance [FAIL]</Text>
      </RunInfo>
      <RunInfo computerName="{machine}" outcome="Error" timestamp="2026-09-24T04:41:06.4120742-03:00">
        <Text>[xUnit.net 00:00:00.66]     FM-4: a missing source answers 404 and the destination is not credited [FAIL]</Text>
      </RunInfo>
      <RunInfo computerName="{machine}" outcome="Error" timestamp="2026-09-24T04:41:06.4345809-03:00">
        <Text>[xUnit.net 00:00:00.68]     FM-5: every invalid field is reported at once [FAIL]</Text>
      </RunInfo>
      <RunInfo computerName="{machine}" outcome="Error" timestamp="2026-09-24T04:41:06.4460812-03:00">
        <Text>[xUnit.net 00:00:00.70]     FM-3: a transfer from a wallet to itself answers 422 and leaves it untouched [FAIL]</Text>
      </RunInfo>
      <RunInfo computerName="{machine}" outcome="Error" timestamp="2026-09-24T04:41:06.4578800-03:00">
        <Text>[xUnit.net 00:00:00.71]     FM-1: a transfer debits the source and credits the destination [FAIL]</Text>
      </RunInfo>
    </RunInfos>
  </ResultSummary>
</TestRun>