<?xml version="1.0" encoding="utf-8"?>
<TestRun id="20087cac-7969-401c-8488-ea43eef34177" name="@omarchy 2026-09-24 02:18:21" xmlns="http://microsoft.com/schemas/VisualStudio/TeamTest/2010">
  <Times creation="2026-09-24T02:18:21.1291818-03:00" queuing="2026-09-24T02:18:21.1291818-03:00" start="2026-09-24T02:18:20.1204785-03:00" finish="2026-09-24T02:18:21.1320314-03:00" />
  <TestSettings name="default" id="0c8f3188-247e-424f-b51f-957e95ca84b8">
    <Deployment runDeploymentRoot="_omarchy_2026-09-24_02_18_21" />
  </TestSettings>
  <Results>
    <UnitTestResult executionId="b3f95970-6884-4775-83d7-dc82ead0c817" testId="e3edbb30-2a95-daf2-47fd-b436b16fda1c" testName="FM-2: overdrawing answers 422 and leaves the balance untouched" computerName="omarchy" duration="00:00:00.0135861" startTime="2026-09-24T02:18:21.0102462-03:00" endTime="2026-09-24T02:18:21.0239476-03:00" testType="13cdc9d9-ddb5-4fa4-a97d-d965ccfc6d4b" outcome="Passed" testListId="8c84fa94-04c1-424b-9868-57a2d4851a1d" relativeResultsDirectory="b3f95970-6884-4775-83d7-dc82ead0c817" />
    <UnitTestResult executionId="8db913cc-76d1-45c8-99fe-02f1d16ca5ce" testId="3c4f35f6-7b88-ebda-db01-74ee23abe957" testName="FM-5: a retry with the same Idempotency-Key debits once" computerName="omarchy" duration="00:00:00.4855702" startTime="2026-09-24T02:18:20.4787415-03:00" endTime="2026-09-24T02:18:20.9695142-03:00" testType="13cdc9d9-ddb5-4fa4-a97d-d965ccfc6d4b" outcome="Passed" testListId="8c84fa94-04c1-424b-9868-57a2d4851a1d" relativeResultsDirectory="8db913cc-76d1-45c8-99fe-02f1d16ca5ce" />
    <UnitTestResult executionId="0096637d-c44f-47e2-b328-2509704f231c" testId="445a8336-9eb4-c0e2-8c64-70e1931717f9" testName="FM-1: a withdrawal is reflected by the next balance read" computerName="omarchy" duration="00:00:00.0249184" startTime="2026-09-24T02:18:21.0241241-03:00" endTime="2026-09-24T02:18:21.0491174-03:00" testType="13cdc9d9-ddb5-4fa4-a97d-d965ccfc6d4b" outcome="Passed" testListId="8c84fa94-04c1-424b-9868-57a2d4851a1d" relativeResultsDirectory="0096637d-c44f-47e2-b328-2509704f231c" />
    <UnitTestResult executionId="9e412d54-be65-4ac2-adca-5fd0b03407ee" testId="d3726388-1d24-a53f-4c55-25759774781f" testName="FM-4: a missing wallet answers 404" computerName="omarchy" duration="00:00:00.0264816" startTime="2026-09-24T02:18:20.9757091-03:00" endTime="2026-09-24T02:18:20.9969188-03:00" testType="13cdc9d9-ddb5-4fa4-a97d-d965ccfc6d4b" outcome="Passed" testListId="8c84fa94-04c1-424b-9868-57a2d4851a1d" relativeResultsDirectory="9e412d54-be65-4ac2-adca-5fd0b03407ee" />
    <UnitTestResult executionId="30752ed1-b89c-4e35-aaa9-405ffa7cedde" testId="325f1266-9b16-9cf4-ad6c-df2daf445989" testName="FM-3: a negative amount answers 400 with an amount field error" computerName="omarchy" duration="00:00:00.0128477" startTime="2026-09-24T02:18:20.9973564-03:00" endTime="2026-09-24T02:18:21.0100887-03:00" testType="13cdc9d9-ddb5-4fa4-a97d-d965ccfc6d4b" outcome="Passed" testListId="8c84fa94-04c1-424b-9868-57a2d4851a1d" relativeResultsDirectory="30752ed1-b89c-4e35-aaa9-405ffa7cedde" />
  </Results>
  <TestDefinitions>
    <UnitTest name="FM-2: overdrawing answers 422 and leaves the balance untouched" storage="/home/lucasrgt/projects/skies/.claude/worktrees/agent-a9db0dca188bdf4a9/examples/sample-app/backend/sample.tests/bin/debug/net10.0/sample.tests.dll" id="e3edbb30-2a95-daf2-47fd-b436b16fda1c">
      <Execution id="b3f95970-6884-4775-83d7-dc82ead0c817" />
      <TestMethod codeBase="/home/lucasrgt/Projects/skies/.claude/worktrees/agent-a9db0dca188bdf4a9/examples/sample-app/backend/Sample.Tests/bin/Debug/net10.0/Sample.Tests.dll" adapterTypeName="executor://xunit/VsTestRunner3/netcore/" className="Specs.S0002.WithdrawSpec" name="Overdraw_is_refused" />
    </UnitTest>
    <UnitTest name="FM-3: a negative amount answers 400 with an amount field error" storage="/home/lucasrgt/projects/skies/.claude/worktrees/agent-a9db0dca188bdf4a9/examples/sample-app/backend/sample.tests/bin/debug/net10.0/sample.tests.dll" id="325f1266-9b16-9cf4-ad6c-df2daf445989">
      <Execution id="30752ed1-b89c-4e35-aaa9-405ffa7cedde" />
      <TestMethod codeBase="/home/lucasrgt/Projects/skies/.claude/worktrees/agent-a9db0dca188bdf4a9/examples/sample-app/backend/Sample.Tests/bin/Debug/net10.0/Sample.Tests.dll" adapterTypeName="executor://xunit/VsTestRunner3/netcore/" className="Specs.S0002.WithdrawSpec" name="Negative_amount_is_rejected" />
    </UnitTest>
    <UnitTest name="FM-1: a withdrawal is reflected by the next balance read" storage="/home/lucasrgt/projects/skies/.claude/worktrees/agent-a9db0dca188bdf4a9/examples/sample-app/backend/sample.tests/bin/debug/net10.0/sample.tests.dll" id="445a8336-9eb4-c0e2-8c64-70e1931717f9">
      <Execution id="0096637d-c44f-47e2-b328-2509704f231c" />
      <TestMethod codeBase="/home/lucasrgt/Projects/skies/.claude/worktrees/agent-a9db0dca188bdf4a9/examples/sample-app/backend/Sample.Tests/bin/Debug/net10.0/Sample.Tests.dll" adapterTypeName="executor://xunit/VsTestRunner3/netcore/" className="Specs.S0002.WithdrawSpec" name="Withdrawal_is_reflected_by_the_balance" />
    </UnitTest>
    <UnitTest name="FM-5: a retry with the same Idempotency-Key debits once" storage="/home/lucasrgt/projects/skies/.claude/worktrees/agent-a9db0dca188bdf4a9/examples/sample-app/backend/sample.tests/bin/debug/net10.0/sample.tests.dll" id="3c4f35f6-7b88-ebda-db01-74ee23abe957">
      <Execution id="8db913cc-76d1-45c8-99fe-02f1d16ca5ce" />
      <TestMethod codeBase="/home/lucasrgt/Projects/skies/.claude/worktrees/agent-a9db0dca188bdf4a9/examples/sample-app/backend/Sample.Tests/bin/Debug/net10.0/Sample.Tests.dll" adapterTypeName="executor://xunit/VsTestRunner3/netcore/" className="Specs.S0002.WithdrawSpec" name="Same_key_debits_once" />
    </UnitTest>
    <UnitTest name="FM-4: a missing wallet answers 404" storage="/home/lucasrgt/projects/skies/.claude/worktrees/agent-a9db0dca188bdf4a9/examples/sample-app/backend/sample.tests/bin/debug/net10.0/sample.tests.dll" id="d3726388-1d24-a53f-4c55-25759774781f">
      <Execution id="9e412d54-be65-4ac2-adca-5fd0b03407ee" />
      <TestMethod codeBase="/home/lucasrgt/Projects/skies/.claude/worktrees/agent-a9db0dca188bdf4a9/examples/sample-app/backend/Sample.Tests/bin/Debug/net10.0/Sample.Tests.dll" adapterTypeName="executor://xunit/VsTestRunner3/netcore/" className="Specs.S0002.WithdrawSpec" name="Missing_wallet_is_not_found" />
    </UnitTest>
  </TestDefinitions>
  <TestEntries>
    <TestEntry testId="e3edbb30-2a95-daf2-47fd-b436b16fda1c" executionId="b3f95970-6884-4775-83d7-dc82ead0c817" testListId="8c84fa94-04c1-424b-9868-57a2d4851a1d" />
    <TestEntry testId="3c4f35f6-7b88-ebda-db01-74ee23abe957" executionId="8db913cc-76d1-45c8-99fe-02f1d16ca5ce" testListId="8c84fa94-04c1-424b-9868-57a2d4851a1d" />
    <TestEntry testId="445a8336-9eb4-c0e2-8c64-70e1931717f9" executionId="0096637d-c44f-47e2-b328-2509704f231c" testListId="8c84fa94-04c1-424b-9868-57a2d4851a1d" />
    <TestEntry testId="d3726388-1d24-a53f-4c55-25759774781f" executionId="9e412d54-be65-4ac2-adca-5fd0b03407ee" testListId="8c84fa94-04c1-424b-9868-57a2d4851a1d" />
    <TestEntry testId="325f1266-9b16-9cf4-ad6c-df2daf445989" executionId="30752ed1-b89c-4e35-aaa9-405ffa7cedde" testListId="8c84fa94-04c1-424b-9868-57a2d4851a1d" />
  </TestEntries>
  <TestLists>
    <TestList name="Results Not in a List" id="8c84fa94-04c1-424b-9868-57a2d4851a1d" />
    <TestList name="All Loaded Results" id="19431567-8539-422a-85d7-44ee4e166bda" />
  </TestLists>
  <ResultSummary outcome="Completed">
    <Counters total="5" executed="5" passed="5" failed="0" error="0" timeout="0" aborted="0" inconclusive="0" passedButRunAborted="0" notRunnable="0" notExecuted="0" disconnected="0" warning="0" completed="0" inProgress="0" pending="0" />
    <Output>
      <StdOut>[xUnit.net 00:00:00.00] xUnit.net VSTest Adapter v3.1.4+50e68bbb8b (64-bit .NET 10.0.12)
[xUnit.net 00:00:00.05]   Discovering: Sample.Tests
[xUnit.net 00:00:00.08]   Discovered:  Sample.Tests
[xUnit.net 00:00:00.09]   Starting:    Sample.Tests
info: Microsoft.EntityFrameworkCore.Update[30100]
      Saved 1 entities to in-memory store.
info: Microsoft.Hosting.Lifetime[0]
      Application started. Press Ctrl+C to shut down.
info: Microsoft.Hosting.Lifetime[0]
      Hosting environment: Development
info: Microsoft.Hosting.Lifetime[0]
      Content root path: /home/lucasrgt/Projects/skies/.claude/worktrees/agent-a9db0dca188bdf4a9/examples/sample-app/backend/Sample.Api
info: Microsoft.EntityFrameworkCore.Update[30100]
      Saved 1 entities to in-memory store.
info: Microsoft.EntityFrameworkCore.Update[30100]
      Saved 1 entities to in-memory store.
info: Microsoft.EntityFrameworkCore.Update[30100]
      Saved 1 entities to in-memory store.
info: Microsoft.Hosting.Lifetime[0]
      Application is shutting down...
info: Microsoft.EntityFrameworkCore.Update[30100]
      Saved 1 entities to in-memory store.
info: Microsoft.Hosting.Lifetime[0]
      Application started. Press Ctrl+C to shut down.
info: Microsoft.Hosting.Lifetime[0]
      Hosting environment: Development
info: Microsoft.Hosting.Lifetime[0]
      Content root path: /home/lucasrgt/Projects/skies/.claude/worktrees/agent-a9db0dca188bdf4a9/examples/sample-app/backend/Sample.Api
info: Microsoft.Hosting.Lifetime[0]
      Application is shutting down...
info: Microsoft.EntityFrameworkCore.Update[30100]
      Saved 1 entities to in-memory store.
info: Microsoft.Hosting.Lifetime[0]
      Application started. Press Ctrl+C to shut down.
info: Microsoft.Hosting.Lifetime[0]
      Hosting environment: Development
info: Microsoft.Hosting.Lifetime[0]
      Content root path: /home/lucasrgt/Projects/skies/.claude/worktrees/agent-a9db0dca188bdf4a9/examples/sample-app/backend/Sample.Api
info: Microsoft.Hosting.Lifetime[0]
      Application is shutting down...
info: Microsoft.EntityFrameworkCore.Update[30100]
      Saved 1 entities to in-memory store.
info: Microsoft.Hosting.Lifetime[0]
      Application started. Press Ctrl+C to shut down.
info: Microsoft.Hosting.Lifetime[0]
      Hosting environment: Development
info: Microsoft.Hosting.Lifetime[0]
      Content root path: /home/lucasrgt/Projects/skies/.claude/worktrees/agent-a9db0dca188bdf4a9/examples/sample-app/backend/Sample.Api
info: Microsoft.EntityFrameworkCore.Update[30100]
      Saved 1 entities to in-memory store.
info: Microsoft.Hosting.Lifetime[0]
      Application is shutting down...
info: Microsoft.EntityFrameworkCore.Update[30100]
      Saved 1 entities to in-memory store.
info: Microsoft.Hosting.Lifetime[0]
      Application started. Press Ctrl+C to shut down.
info: Microsoft.Hosting.Lifetime[0]
      Hosting environment: Development
info: Microsoft.Hosting.Lifetime[0]
      Content root path: /home/lucasrgt/Projects/skies/.claude/worktrees/agent-a9db0dca188bdf4a9/examples/sample-app/backend/Sample.Api
info: Microsoft.EntityFrameworkCore.Update[30100]
      Saved 1 entities to in-memory store.
info: Microsoft.EntityFrameworkCore.Update[30100]
      Saved 1 entities to in-memory store.
info: Microsoft.Hosting.Lifetime[0]
      Application is shutting down...
[xUnit.net 00:00:00.68]   Finished:    Sample.Tests
</StdOut>
    </Output>
  </ResultSummary>
</TestRun>