<?xml version="1.0" encoding="utf-8"?>
<TestRun id="00000000-0000-0000-0000-000000000001" name="{run}" xmlns="http://microsoft.com/schemas/VisualStudio/TeamTest/2010">
  <Times creation="2026-09-24T04:42:27.1679587-03:00" queuing="2026-09-24T04:42:27.1679587-03:00" start="2026-09-24T04:42:25.5105869-03:00" finish="2026-09-24T04:42:27.1727180-03:00" />
  <TestSettings name="default" id="00000000-0000-0000-0000-000000000002">
    <Deployment runDeploymentRoot="{run}" />
  </TestSettings>
  <Results>
    <UnitTestResult executionId="00000000-0000-0000-0000-000000000003" testId="d3726388-1d24-a53f-4c55-25759774781f" testName="FM-4: a missing wallet answers 404" computerName="{machine}" duration="00:00:00.0259891" startTime="2026-09-24T04:42:26.8442970-03:00" endTime="2026-09-24T04:42:26.8631649-03:00" testType="13cdc9d9-ddb5-4fa4-a97d-d965ccfc6d4b" outcome="Passed" testListId="8c84fa94-04c1-424b-9868-57a2d4851a1d" relativeResultsDirectory="00000000-0000-0000-0000-000000000003" />
    <UnitTestResult executionId="00000000-0000-0000-0000-000000000004" testId="3c4f35f6-7b88-ebda-db01-74ee23abe957" testName="FM-5: a retry with the same Idempotency-Key debits once" computerName="{machine}" duration="00:00:00.4827742" startTime="2026-09-24T04:42:26.3586333-03:00" endTime="2026-09-24T04:42:26.8361431-03:00" testType="13cdc9d9-ddb5-4fa4-a97d-d965ccfc6d4b" outcome="Passed" testListId="8c84fa94-04c1-424b-9868-57a2d4851a1d" relativeResultsDirectory="00000000-0000-0000-0000-000000000004" />
    <UnitTestResult executionId="00000000-0000-0000-0000-000000000005" testId="e3edbb30-2a95-daf2-47fd-b436b16fda1c" testName="FM-2: overdrawing answers 422 and leaves the balance untouched" computerName="{machine}" duration="00:00:00.0220723" startTime="2026-09-24T04:42:26.8751035-03:00" endTime="2026-09-24T04:42:26.8968862-03:00" testType="13cdc9d9-ddb5-4fa4-a97d-d965ccfc6d4b" outcome="Passed" testListId="8c84fa94-04c1-424b-9868-57a2d4851a1d" relativeResultsDirectory="00000000-0000-0000-0000-000000000005" />
    <UnitTestResult executionId="00000000-0000-0000-0000-000000000006" testId="325f1266-9b16-9cf4-ad6c-df2daf445989" testName="FM-3: a negative amount answers 400 with an amount field error" computerName="{machine}" duration="00:00:00.0111573" startTime="2026-09-24T04:42:26.8640093-03:00" endTime="2026-09-24T04:42:26.8745419-03:00" testType="13cdc9d9-ddb5-4fa4-a97d-d965ccfc6d4b" outcome="Passed" testListId="8c84fa94-04c1-424b-9868-57a2d4851a1d" relativeResultsDirectory="00000000-0000-0000-0000-000000000006" />
    <UnitTestResult executionId="00000000-0000-0000-0000-000000000007" testId="445a8336-9eb4-c0e2-8c64-70e1931717f9" testName="FM-1: a withdrawal is reflected by the next balance read" computerName="{machine}" duration="00:00:00.0126185" startTime="2026-09-24T04:42:26.8973623-03:00" endTime="2026-09-24T04:42:26.9097255-03:00" testType="13cdc9d9-ddb5-4fa4-a97d-d965ccfc6d4b" outcome="Passed" testListId="8c84fa94-04c1-424b-9868-57a2d4851a1d" relativeResultsDirectory="00000000-0000-0000-0000-000000000007" />
  </Results>
  <TestDefinitions>
    <UnitTest name="FM-2: overdrawing answers 422 and leaves the balance untouched" storage="{root}/examples/sample-app/backend/sample.tests/bin/debug/net10.0/sample.tests.dll" id="e3edbb30-2a95-daf2-47fd-b436b16fda1c">
      <Execution id="00000000-0000-0000-0000-000000000005" />
      <TestMethod codeBase="{root}/examples/sample-app/backend/Sample.Tests/bin/Debug/net10.0/Sample.Tests.dll" adapterTypeName="executor://xunit/VsTestRunner3/netcore/" className="Specs.S0002.WithdrawSpec" name="Overdraw_is_refused" />
    </UnitTest>
    <UnitTest name="FM-3: a negative amount answers 400 with an amount field error" storage="{root}/examples/sample-app/backend/sample.tests/bin/debug/net10.0/sample.tests.dll" id="325f1266-9b16-9cf4-ad6c-df2daf445989">
      <Execution id="00000000-0000-0000-0000-000000000006" />
      <TestMethod codeBase="{root}/examples/sample-app/backend/Sample.Tests/bin/Debug/net10.0/Sample.Tests.dll" adapterTypeName="executor://xunit/VsTestRunner3/netcore/" className="Specs.S0002.WithdrawSpec" name="Negative_amount_is_rejected" />
    </UnitTest>
    <UnitTest name="FM-1: a withdrawal is reflected by the next balance read" storage="{root}/examples/sample-app/backend/sample.tests/bin/debug/net10.0/sample.tests.dll" id="445a8336-9eb4-c0e2-8c64-70e1931717f9">
      <Execution id="00000000-0000-0000-0000-000000000007" />
      <TestMethod codeBase="{root}/examples/sample-app/backend/Sample.Tests/bin/Debug/net10.0/Sample.Tests.dll" adapterTypeName="executor://xunit/VsTestRunner3/netcore/" className="Specs.S0002.WithdrawSpec" name="Withdrawal_is_reflected_by_the_balance" />
    </UnitTest>
    <UnitTest name="FM-5: a retry with the same Idempotency-Key debits once" storage="{root}/examples/sample-app/backend/sample.tests/bin/debug/net10.0/sample.tests.dll" id="3c4f35f6-7b88-ebda-db01-74ee23abe957">
      <Execution id="00000000-0000-0000-0000-000000000004" />
      <TestMethod codeBase="{root}/examples/sample-app/backend/Sample.Tests/bin/Debug/net10.0/Sample.Tests.dll" adapterTypeName="executor://xunit/VsTestRunner3/netcore/" className="Specs.S0002.WithdrawSpec" name="Same_key_debits_once" />
    </UnitTest>
    <UnitTest name="FM-4: a missing wallet answers 404" storage="{root}/examples/sample-app/backend/sample.tests/bin/debug/net10.0/sample.tests.dll" id="d3726388-1d24-a53f-4c55-25759774781f">
      <Execution id="00000000-0000-0000-0000-000000000003" />
      <TestMethod codeBase="{root}/examples/sample-app/backend/Sample.Tests/bin/Debug/net10.0/Sample.Tests.dll" adapterTypeName="executor://xunit/VsTestRunner3/netcore/" className="Specs.S0002.WithdrawSpec" name="Missing_wallet_is_not_found" />
    </UnitTest>
  </TestDefinitions>
  <TestEntries>
    <TestEntry testId="d3726388-1d24-a53f-4c55-25759774781f" executionId="00000000-0000-0000-0000-000000000003" testListId="8c84fa94-04c1-424b-9868-57a2d4851a1d" />
    <TestEntry testId="3c4f35f6-7b88-ebda-db01-74ee23abe957" executionId="00000000-0000-0000-0000-000000000004" testListId="8c84fa94-04c1-424b-9868-57a2d4851a1d" />
    <TestEntry testId="e3edbb30-2a95-daf2-47fd-b436b16fda1c" executionId="00000000-0000-0000-0000-000000000005" testListId="8c84fa94-04c1-424b-9868-57a2d4851a1d" />
    <TestEntry testId="325f1266-9b16-9cf4-ad6c-df2daf445989" executionId="00000000-0000-0000-0000-000000000006" testListId="8c84fa94-04c1-424b-9868-57a2d4851a1d" />
    <TestEntry testId="445a8336-9eb4-c0e2-8c64-70e1931717f9" executionId="00000000-0000-0000-0000-000000000007" testListId="8c84fa94-04c1-424b-9868-57a2d4851a1d" />
  </TestEntries>
  <TestLists>
    <TestList name="Results Not in a List" id="8c84fa94-04c1-424b-9868-57a2d4851a1d" />
    <TestList name="All Loaded Results" id="19431567-8539-422a-85d7-44ee4e166bda" />
  </TestLists>
  <ResultSummary outcome="Completed">
    <Counters total="5" executed="5" passed="5" failed="0" error="0" timeout="0" aborted="0" inconclusive="0" passedButRunAborted="0" notRunnable="0" notExecuted="0" disconnected="0" warning="0" completed="0" inProgress="0" pending="0" />
    <Output>
      <StdOut>[xUnit.net 00:00:00.00] xUnit.net VSTest Adapter v3.1.4+50e68bbb8b (64-bit .NET 10.0.12)
[xUnit.net 00:00:00.04]   Discovering: Sample.Tests
[xUnit.net 00:00:00.07]   Discovered:  Sample.Tests
[xUnit.net 00:00:00.08]   Starting:    Sample.Tests
info: Microsoft.EntityFrameworkCore.Update[30100]
      Saved 1 entities to in-memory store.
info: Microsoft.Hosting.Lifetime[0]
      Application started. Press Ctrl+C to shut down.
info: Microsoft.Hosting.Lifetime[0]
      Hosting environment: Development
info: Microsoft.Hosting.Lifetime[0]
      Content root path: {root}/examples/sample-app/backend/Sample.Api
info: Microsoft.EntityFrameworkCore.Update[30100]
      Saved 1 entities to in-memory store.
info: Microsoft.EntityFrameworkCore.Update[30100]
      Saved 1 entities to in-memory store.
info: Microsoft.EntityFrameworkCore.Update[30100]
      Saved 1 entities to in-memory store.
info: Microsoft.Hosting.Lifetime[0]
      Application is shutting down...
info: Microsoft.EntityFrameworkCore.Update[30100]
      Saved 1 entities to in-memory store.
info: Microsoft.Hosting.Lifetime[0]
      Application started. Press Ctrl+C to shut down.
info: Microsoft.Hosting.Lifetime[0]
      Hosting environment: Development
info: Microsoft.Hosting.Lifetime[0]
      Content root path: {root}/examples/sample-app/backend/Sample.Api
info: Microsoft.Hosting.Lifetime[0]
      Application is shutting down...
info: Microsoft.EntityFrameworkCore.Update[30100]
      Saved 1 entities to in-memory store.
info: Microsoft.Hosting.Lifetime[0]
      Application started. Press Ctrl+C to shut down.
info: Microsoft.Hosting.Lifetime[0]
      Hosting environment: Development
info: Microsoft.Hosting.Lifetime[0]
      Content root path: {root}/examples/sample-app/backend/Sample.Api
info: Microsoft.Hosting.Lifetime[0]
      Application is shutting down...
info: Microsoft.EntityFrameworkCore.Update[30100]
      Saved 1 entities to in-memory store.
info: Microsoft.Hosting.Lifetime[0]
      Application started. Press Ctrl+C to shut down.
info: Microsoft.Hosting.Lifetime[0]
      Hosting environment: Development
info: Microsoft.Hosting.Lifetime[0]
      Content root path: {root}/examples/sample-app/backend/Sample.Api
info: Microsoft.EntityFrameworkCore.Update[30100]
      Saved 1 entities to in-memory store.
info: Microsoft.Hosting.Lifetime[0]
      Application is shutting down...
info: Microsoft.EntityFrameworkCore.Update[30100]
      Saved 1 entities to in-memory store.
info: Microsoft.Hosting.Lifetime[0]
      Application started. Press Ctrl+C to shut down.
info: Microsoft.Hosting.Lifetime[0]
      Hosting environment: Development
info: Microsoft.Hosting.Lifetime[0]
      Content root path: {root}/examples/sample-app/backend/Sample.Api
info: Microsoft.EntityFrameworkCore.Update[30100]
      Saved 1 entities to in-memory store.
info: Microsoft.EntityFrameworkCore.Update[30100]
      Saved 1 entities to in-memory store.
info: Microsoft.Hosting.Lifetime[0]
      Application is shutting down...
[xUnit.net 00:00:00.66]   Finished:    Sample.Tests
</StdOut>
    </Output>
  </ResultSummary>
</TestRun>