<?xml version="1.0" encoding="utf-8"?>
<TestRun id="aff38653-7d1e-4de9-821b-9bd184f2f661" name="@omarchy 2026-09-24 02:18:17" xmlns="http://microsoft.com/schemas/VisualStudio/TeamTest/2010">
  <Times creation="2026-09-24T02:18:17.5939953-03:00" queuing="2026-09-24T02:18:17.5939953-03:00" start="2026-09-24T02:18:16.6407921-03:00" finish="2026-09-24T02:18:17.5992972-03:00" />
  <TestSettings name="default" id="8ee4856f-22e9-44d6-aa25-f41020ec7e14">
    <Deployment runDeploymentRoot="_omarchy_2026-09-24_02_18_17" />
  </TestSettings>
  <Results>
    <UnitTestResult executionId="98055cea-26b8-492c-80bc-d26f5b2f3c18" testId="445a8336-9eb4-c0e2-8c64-70e1931717f9" testName="FM-1: a withdrawal is reflected by the next balance read" computerName="omarchy" duration="00:00:00.0238593" startTime="2026-09-24T02:18:17.4857338-03:00" endTime="2026-09-24T02:18:17.5095305-03:00" testType="13cdc9d9-ddb5-4fa4-a97d-d965ccfc6d4b" outcome="Failed" testListId="8c84fa94-04c1-424b-9868-57a2d4851a1d" relativeResultsDirectory="98055cea-26b8-492c-80bc-d26f5b2f3c18">
      <Output>
        <ErrorInfo>
          <Message>Assert.Equal() Failure: Values differ
Expected: 30
Actual:   0</Message>
          <StackTrace>   at Specs.S0002.WithdrawSpec.Withdrawal_is_reflected_by_the_balance() in /tmp/skies-red-nSml8q/checkout/examples/sample-app/.specs/0002-withdraw/e2e/WithdrawSpec.cs:line 24
   at Specs.S0002.WithdrawSpec.Withdrawal_is_reflected_by_the_balance() in /tmp/skies-red-nSml8q/checkout/examples/sample-app/.specs/0002-withdraw/e2e/WithdrawSpec.cs:line 25
--- End of stack trace from previous location ---</StackTrace>
        </ErrorInfo>
      </Output>
    </UnitTestResult>
    <UnitTestResult executionId="b2c17266-5c77-4e9d-bfcd-09c6d4fd20a1" testId="325f1266-9b16-9cf4-ad6c-df2daf445989" testName="FM-3: a negative amount answers 400 with an amount field error" computerName="omarchy" duration="00:00:00.0086940" startTime="2026-09-24T02:18:17.4645178-03:00" endTime="2026-09-24T02:18:17.4727833-03:00" testType="13cdc9d9-ddb5-4fa4-a97d-d965ccfc6d4b" outcome="Failed" testListId="8c84fa94-04c1-424b-9868-57a2d4851a1d" relativeResultsDirectory="b2c17266-5c77-4e9d-bfcd-09c6d4fd20a1">
      <Output>
        <ErrorInfo>
          <Message>Assert.Equal() Failure: Values differ
Expected: BadRequest
Actual:   OK</Message>
          <StackTrace>   at Specs.S0002.WithdrawSpec.Negative_amount_is_rejected() in /tmp/skies-red-nSml8q/checkout/examples/sample-app/.specs/0002-withdraw/e2e/WithdrawSpec.cs:line 49
   at Specs.S0002.WithdrawSpec.Negative_amount_is_rejected() in /tmp/skies-red-nSml8q/checkout/examples/sample-app/.specs/0002-withdraw/e2e/WithdrawSpec.cs:line 50
--- End of stack trace from previous location ---</StackTrace>
        </ErrorInfo>
      </Output>
    </UnitTestResult>
    <UnitTestResult executionId="0822b007-aae8-4c3f-80e5-25066e511a5c" testId="d3726388-1d24-a53f-4c55-25759774781f" testName="FM-4: a missing wallet answers 404" computerName="omarchy" duration="00:00:00.0329107" startTime="2026-09-24T02:18:17.4375133-03:00" endTime="2026-09-24T02:18:17.4637418-03:00" testType="13cdc9d9-ddb5-4fa4-a97d-d965ccfc6d4b" outcome="Failed" testListId="8c84fa94-04c1-424b-9868-57a2d4851a1d" relativeResultsDirectory="0822b007-aae8-4c3f-80e5-25066e511a5c">
      <Output>
        <ErrorInfo>
          <Message>Assert.Equal() Failure: Values differ
Expected: NotFound
Actual:   OK</Message>
          <StackTrace>   at Specs.S0002.WithdrawSpec.Missing_wallet_is_not_found() in /tmp/skies-red-nSml8q/checkout/examples/sample-app/.specs/0002-withdraw/e2e/WithdrawSpec.cs:line 61
   at Specs.S0002.WithdrawSpec.Missing_wallet_is_not_found() in /tmp/skies-red-nSml8q/checkout/examples/sample-app/.specs/0002-withdraw/e2e/WithdrawSpec.cs:line 61
--- End of stack trace from previous location ---</StackTrace>
        </ErrorInfo>
      </Output>
    </UnitTestResult>
    <UnitTestResult executionId="1194792d-f76e-4474-9a9d-7323d8291c8b" testId="3c4f35f6-7b88-ebda-db01-74ee23abe957" testName="FM-5: a retry with the same Idempotency-Key debits once" computerName="omarchy" duration="00:00:00.4581805" startTime="2026-09-24T02:18:16.9630638-03:00" endTime="2026-09-24T02:18:17.4297325-03:00" testType="13cdc9d9-ddb5-4fa4-a97d-d965ccfc6d4b" outcome="Failed" testListId="8c84fa94-04c1-424b-9868-57a2d4851a1d" relativeResultsDirectory="1194792d-f76e-4474-9a9d-7323d8291c8b">
      <Output>
        <ErrorInfo>
          <Message>two different idempotency keys collapsed to one 'balance' value ('0') — a distinct key must apply again, not dedup regardless of the key.</Message>
          <StackTrace>   at Specs.S0002.WithdrawSpec.Same_key_debits_once() in /tmp/skies-red-nSml8q/checkout/examples/sample-app/.specs/0002-withdraw/e2e/WithdrawSpec.cs:line 83
   at Specs.S0002.WithdrawSpec.Same_key_debits_once() in /tmp/skies-red-nSml8q/checkout/examples/sample-app/.specs/0002-withdraw/e2e/WithdrawSpec.cs:line 84
--- End of stack trace from previous location ---</StackTrace>
        </ErrorInfo>
      </Output>
    </UnitTestResult>
    <UnitTestResult executionId="7bc04a48-bcfa-4085-96fe-ed76326e3603" testId="e3edbb30-2a95-daf2-47fd-b436b16fda1c" testName="FM-2: overdrawing answers 422 and leaves the balance untouched" computerName="omarchy" duration="00:00:00.0120714" startTime="2026-09-24T02:18:17.4730927-03:00" endTime="2026-09-24T02:18:17.4852511-03:00" testType="13cdc9d9-ddb5-4fa4-a97d-d965ccfc6d4b" outcome="Failed" testListId="8c84fa94-04c1-424b-9868-57a2d4851a1d" relativeResultsDirectory="7bc04a48-bcfa-4085-96fe-ed76326e3603">
      <Output>
        <ErrorInfo>
          <Message>Assert.Equal() Failure: Values differ
Expected: UnprocessableEntity
Actual:   OK</Message>
          <StackTrace>   at Specs.S0002.WithdrawSpec.Overdraw_is_refused() in /tmp/skies-red-nSml8q/checkout/examples/sample-app/.specs/0002-withdraw/e2e/WithdrawSpec.cs:line 37
   at Specs.S0002.WithdrawSpec.Overdraw_is_refused() in /tmp/skies-red-nSml8q/checkout/examples/sample-app/.specs/0002-withdraw/e2e/WithdrawSpec.cs:line 38
--- End of stack trace from previous location ---</StackTrace>
        </ErrorInfo>
      </Output>
    </UnitTestResult>
  </Results>
  <TestDefinitions>
    <UnitTest name="FM-2: overdrawing answers 422 and leaves the balance untouched" storage="/tmp/skies-red-nsml8q/checkout/examples/sample-app/backend/sample.tests/bin/debug/net10.0/sample.tests.dll" id="e3edbb30-2a95-daf2-47fd-b436b16fda1c">
      <Execution id="7bc04a48-bcfa-4085-96fe-ed76326e3603" />
      <TestMethod codeBase="/tmp/skies-red-nSml8q/checkout/examples/sample-app/backend/Sample.Tests/bin/Debug/net10.0/Sample.Tests.dll" adapterTypeName="executor://xunit/VsTestRunner3/netcore/" className="Specs.S0002.WithdrawSpec" name="Overdraw_is_refused" />
    </UnitTest>
    <UnitTest name="FM-3: a negative amount answers 400 with an amount field error" storage="/tmp/skies-red-nsml8q/checkout/examples/sample-app/backend/sample.tests/bin/debug/net10.0/sample.tests.dll" id="325f1266-9b16-9cf4-ad6c-df2daf445989">
      <Execution id="b2c17266-5c77-4e9d-bfcd-09c6d4fd20a1" />
      <TestMethod codeBase="/tmp/skies-red-nSml8q/checkout/examples/sample-app/backend/Sample.Tests/bin/Debug/net10.0/Sample.Tests.dll" adapterTypeName="executor://xunit/VsTestRunner3/netcore/" className="Specs.S0002.WithdrawSpec" name="Negative_amount_is_rejected" />
    </UnitTest>
    <UnitTest name="FM-1: a withdrawal is reflected by the next balance read" storage="/tmp/skies-red-nsml8q/checkout/examples/sample-app/backend/sample.tests/bin/debug/net10.0/sample.tests.dll" id="445a8336-9eb4-c0e2-8c64-70e1931717f9">
      <Execution id="98055cea-26b8-492c-80bc-d26f5b2f3c18" />
      <TestMethod codeBase="/tmp/skies-red-nSml8q/checkout/examples/sample-app/backend/Sample.Tests/bin/Debug/net10.0/Sample.Tests.dll" adapterTypeName="executor://xunit/VsTestRunner3/netcore/" className="Specs.S0002.WithdrawSpec" name="Withdrawal_is_reflected_by_the_balance" />
    </UnitTest>
    <UnitTest name="FM-5: a retry with the same Idempotency-Key debits once" storage="/tmp/skies-red-nsml8q/checkout/examples/sample-app/backend/sample.tests/bin/debug/net10.0/sample.tests.dll" id="3c4f35f6-7b88-ebda-db01-74ee23abe957">
      <Execution id="1194792d-f76e-4474-9a9d-7323d8291c8b" />
      <TestMethod codeBase="/tmp/skies-red-nSml8q/checkout/examples/sample-app/backend/Sample.Tests/bin/Debug/net10.0/Sample.Tests.dll" adapterTypeName="executor://xunit/VsTestRunner3/netcore/" className="Specs.S0002.WithdrawSpec" name="Same_key_debits_once" />
    </UnitTest>
    <UnitTest name="FM-4: a missing wallet answers 404" storage="/tmp/skies-red-nsml8q/checkout/examples/sample-app/backend/sample.tests/bin/debug/net10.0/sample.tests.dll" id="d3726388-1d24-a53f-4c55-25759774781f">
      <Execution id="0822b007-aae8-4c3f-80e5-25066e511a5c" />
      <TestMethod codeBase="/tmp/skies-red-nSml8q/checkout/examples/sample-app/backend/Sample.Tests/bin/Debug/net10.0/Sample.Tests.dll" adapterTypeName="executor://xunit/VsTestRunner3/netcore/" className="Specs.S0002.WithdrawSpec" name="Missing_wallet_is_not_found" />
    </UnitTest>
  </TestDefinitions>
  <TestEntries>
    <TestEntry testId="445a8336-9eb4-c0e2-8c64-70e1931717f9" executionId="98055cea-26b8-492c-80bc-d26f5b2f3c18" testListId="8c84fa94-04c1-424b-9868-57a2d4851a1d" />
    <TestEntry testId="325f1266-9b16-9cf4-ad6c-df2daf445989" executionId="b2c17266-5c77-4e9d-bfcd-09c6d4fd20a1" testListId="8c84fa94-04c1-424b-9868-57a2d4851a1d" />
    <TestEntry testId="d3726388-1d24-a53f-4c55-25759774781f" executionId="0822b007-aae8-4c3f-80e5-25066e511a5c" testListId="8c84fa94-04c1-424b-9868-57a2d4851a1d" />
    <TestEntry testId="3c4f35f6-7b88-ebda-db01-74ee23abe957" executionId="1194792d-f76e-4474-9a9d-7323d8291c8b" testListId="8c84fa94-04c1-424b-9868-57a2d4851a1d" />
    <TestEntry testId="e3edbb30-2a95-daf2-47fd-b436b16fda1c" executionId="7bc04a48-bcfa-4085-96fe-ed76326e3603" testListId="8c84fa94-04c1-424b-9868-57a2d4851a1d" />
  </TestEntries>
  <TestLists>
    <TestList name="Results Not in a List" id="8c84fa94-04c1-424b-9868-57a2d4851a1d" />
    <TestList name="All Loaded Results" id="19431567-8539-422a-85d7-44ee4e166bda" />
  </TestLists>
  <ResultSummary outcome="Failed">
    <Counters total="5" executed="5" passed="0" failed="5" error="0" timeout="0" aborted="0" inconclusive="0" passedButRunAborted="0" notRunnable="0" notExecuted="0" disconnected="0" warning="0" completed="0" inProgress="0" pending="0" />
    <Output>
      <StdOut>[xUnit.net 00:00:00.00] xUnit.net VSTest Adapter v3.1.4+50e68bbb8b (64-bit .NET 10.0.12)
[xUnit.net 00:00:00.04]   Discovering: Sample.Tests
[xUnit.net 00:00:00.06]   Discovered:  Sample.Tests
[xUnit.net 00:00:00.07]   Starting:    Sample.Tests
info: Microsoft.EntityFrameworkCore.Update[30100]
      Saved 1 entities to in-memory store.
info: Microsoft.Hosting.Lifetime[0]
      Application started. Press Ctrl+C to shut down.
info: Microsoft.Hosting.Lifetime[0]
      Hosting environment: Development
info: Microsoft.Hosting.Lifetime[0]
      Content root path: /tmp/skies-red-nSml8q/checkout/examples/sample-app/backend/Sample.Api
info: Microsoft.EntityFrameworkCore.Update[30100]
      Saved 1 entities to in-memory store.
info: Microsoft.Hosting.Lifetime[0]
      Application is shutting down...
[xUnit.net 00:00:00.55]       two different idempotency keys collapsed to one 'balance' value ('0') — a distinct key must apply again, not dedup regardless of the key.
[xUnit.net 00:00:00.55]       Stack Trace:
[xUnit.net 00:00:00.55]         /tmp/skies-red-nSml8q/checkout/examples/sample-app/.specs/0002-withdraw/e2e/WithdrawSpec.cs(83,0): at Specs.S0002.WithdrawSpec.Same_key_debits_once()
[xUnit.net 00:00:00.56]         /tmp/skies-red-nSml8q/checkout/examples/sample-app/.specs/0002-withdraw/e2e/WithdrawSpec.cs(84,0): at Specs.S0002.WithdrawSpec.Same_key_debits_once()
[xUnit.net 00:00:00.56]         --- End of stack trace from previous location ---
info: Microsoft.EntityFrameworkCore.Update[30100]
      Saved 1 entities to in-memory store.
info: Microsoft.Hosting.Lifetime[0]
      Application started. Press Ctrl+C to shut down.
info: Microsoft.Hosting.Lifetime[0]
      Hosting environment: Development
info: Microsoft.Hosting.Lifetime[0]
      Content root path: /tmp/skies-red-nSml8q/checkout/examples/sample-app/backend/Sample.Api
info: Microsoft.Hosting.Lifetime[0]
      Application is shutting down...
[xUnit.net 00:00:00.59]       Assert.Equal() Failure: Values differ
[xUnit.net 00:00:00.59]       Expected: NotFound
[xUnit.net 00:00:00.59]       Actual:   OK
[xUnit.net 00:00:00.59]       Stack Trace:
[xUnit.net 00:00:00.59]         /tmp/skies-red-nSml8q/checkout/examples/sample-app/.specs/0002-withdraw/e2e/WithdrawSpec.cs(61,0): at Specs.S0002.WithdrawSpec.Missing_wallet_is_not_found()
[xUnit.net 00:00:00.59]         /tmp/skies-red-nSml8q/checkout/examples/sample-app/.specs/0002-withdraw/e2e/WithdrawSpec.cs(61,0): at Specs.S0002.WithdrawSpec.Missing_wallet_is_not_found()
[xUnit.net 00:00:00.59]         --- End of stack trace from previous location ---
info: Microsoft.EntityFrameworkCore.Update[30100]
      Saved 1 entities to in-memory store.
info: Microsoft.Hosting.Lifetime[0]
      Application started. Press Ctrl+C to shut down.
info: Microsoft.Hosting.Lifetime[0]
      Hosting environment: Development
info: Microsoft.Hosting.Lifetime[0]
      Content root path: /tmp/skies-red-nSml8q/checkout/examples/sample-app/backend/Sample.Api
info: Microsoft.Hosting.Lifetime[0]
      Application is shutting down...
[xUnit.net 00:00:00.60]       Assert.Equal() Failure: Values differ
[xUnit.net 00:00:00.60]       Expected: BadRequest
[xUnit.net 00:00:00.60]       Actual:   OK
[xUnit.net 00:00:00.60]       Stack Trace:
[xUnit.net 00:00:00.60]         /tmp/skies-red-nSml8q/checkout/examples/sample-app/.specs/0002-withdraw/e2e/WithdrawSpec.cs(49,0): at Specs.S0002.WithdrawSpec.Negative_amount_is_rejected()
[xUnit.net 00:00:00.60]         /tmp/skies-red-nSml8q/checkout/examples/sample-app/.specs/0002-withdraw/e2e/WithdrawSpec.cs(50,0): at Specs.S0002.WithdrawSpec.Negative_amount_is_rejected()
[xUnit.net 00:00:00.60]         --- End of stack trace from previous location ---
info: Microsoft.EntityFrameworkCore.Update[30100]
      Saved 1 entities to in-memory store.
info: Microsoft.Hosting.Lifetime[0]
      Application started. Press Ctrl+C to shut down.
info: Microsoft.Hosting.Lifetime[0]
      Hosting environment: Development
info: Microsoft.Hosting.Lifetime[0]
      Content root path: /tmp/skies-red-nSml8q/checkout/examples/sample-app/backend/Sample.Api
info: Microsoft.EntityFrameworkCore.Update[30100]
      Saved 1 entities to in-memory store.
info: Microsoft.Hosting.Lifetime[0]
      Application is shutting down...
[xUnit.net 00:00:00.61]       Assert.Equal() Failure: Values differ
[xUnit.net 00:00:00.61]       Expected: UnprocessableEntity
[xUnit.net 00:00:00.61]       Actual:   OK
[xUnit.net 00:00:00.61]       Stack Trace:
[xUnit.net 00:00:00.61]         /tmp/skies-red-nSml8q/checkout/examples/sample-app/.specs/0002-withdraw/e2e/WithdrawSpec.cs(37,0): at Specs.S0002.WithdrawSpec.Overdraw_is_refused()
[xUnit.net 00:00:00.61]         /tmp/skies-red-nSml8q/checkout/examples/sample-app/.specs/0002-withdraw/e2e/WithdrawSpec.cs(38,0): at Specs.S0002.WithdrawSpec.Overdraw_is_refused()
[xUnit.net 00:00:00.61]         --- End of stack trace from previous location ---
info: Microsoft.EntityFrameworkCore.Update[30100]
      Saved 1 entities to in-memory store.
info: Microsoft.Hosting.Lifetime[0]
      Application started. Press Ctrl+C to shut down.
info: Microsoft.Hosting.Lifetime[0]
      Hosting environment: Development
info: Microsoft.Hosting.Lifetime[0]
      Content root path: /tmp/skies-red-nSml8q/checkout/examples/sample-app/backend/Sample.Api
info: Microsoft.EntityFrameworkCore.Update[30100]
      Saved 1 entities to in-memory store.
info: Microsoft.Hosting.Lifetime[0]
      Application is shutting down...
[xUnit.net 00:00:00.63]       Assert.Equal() Failure: Values differ
[xUnit.net 00:00:00.63]       Expected: 30
[xUnit.net 00:00:00.63]       Actual:   0
[xUnit.net 00:00:00.63]       Stack Trace:
[xUnit.net 00:00:00.63]         /tmp/skies-red-nSml8q/checkout/examples/sample-app/.specs/0002-withdraw/e2e/WithdrawSpec.cs(24,0): at Specs.S0002.WithdrawSpec.Withdrawal_is_reflected_by_the_balance()
[xUnit.net 00:00:00.63]         /tmp/skies-red-nSml8q/checkout/examples/sample-app/.specs/0002-withdraw/e2e/WithdrawSpec.cs(25,0): at Specs.S0002.WithdrawSpec.Withdrawal_is_reflected_by_the_balance()
[xUnit.net 00:00:00.63]         --- End of stack trace from previous location ---
[xUnit.net 00:00:00.64]   Finished:    Sample.Tests
</StdOut>
    </Output>
    <RunInfos>
      <RunInfo computerName="omarchy" outcome="Error" timestamp="2026-09-24T02:18:17.4316015-03:00">
        <Text>[xUnit.net 00:00:00.55]     FM-5: a retry with the same Idempotency-Key debits once [FAIL]</Text>
      </RunInfo>
      <RunInfo computerName="omarchy" outcome="Error" timestamp="2026-09-24T02:18:17.4640324-03:00">
        <Text>[xUnit.net 00:00:00.59]     FM-4: a missing wallet answers 404 [FAIL]</Text>
      </RunInfo>
      <RunInfo computerName="omarchy" outcome="Error" timestamp="2026-09-24T02:18:17.4729729-03:00">
        <Text>[xUnit.net 00:00:00.60]     FM-3: a negative amount answers 400 with an amount field error [FAIL]</Text>
      </RunInfo>
      <RunInfo computerName="omarchy" outcome="Error" timestamp="2026-09-24T02:18:17.4854806-03:00">
        <Text>[xUnit.net 00:00:00.61]     FM-2: overdrawing answers 422 and leaves the balance untouched [FAIL]</Text>
      </RunInfo>
      <RunInfo computerName="omarchy" outcome="Error" timestamp="2026-09-24T02:18:17.5097859-03:00">
        <Text>[xUnit.net 00:00:00.63]     FM-1: a withdrawal is reflected by the next balance read [FAIL]</Text>
      </RunInfo>
    </RunInfos>
  </ResultSummary>
</TestRun>