<?xml version="1.0" encoding="utf-8"?>
<TestRun id="00000000-0000-0000-0000-000000000001" name="{run}" xmlns="http://microsoft.com/schemas/VisualStudio/TeamTest/2010">
  <Times creation="2026-09-24T04:16:54.1337464-03:00" queuing="2026-09-24T04:16:54.1337465-03:00" start="2026-09-24T04:16:52.4204822-03:00" finish="2026-09-24T04:16:54.1392350-03:00" />
  <TestSettings name="default" id="00000000-0000-0000-0000-000000000002">
    <Deployment runDeploymentRoot="{run}" />
  </TestSettings>
  <Results>
    <UnitTestResult executionId="00000000-0000-0000-0000-000000000003" testId="d3726388-1d24-a53f-4c55-25759774781f" testName="FM-4: a missing wallet answers 404" computerName="{machine}" duration="00:00:00.0360464" startTime="2026-09-24T04:16:53.7872113-03:00" endTime="2026-09-24T04:16:53.8134476-03:00" testType="13cdc9d9-ddb5-4fa4-a97d-d965ccfc6d4b" outcome="Failed" testListId="8c84fa94-04c1-424b-9868-57a2d4851a1d" relativeResultsDirectory="00000000-0000-0000-0000-000000000003">
      <Output>
        <ErrorInfo>
          <Message>Assert.Equal() Failure: Values differ
Expected: NotFound
Actual:   OK</Message>
          <StackTrace>   at Specs.S0002.WithdrawSpec.Missing_wallet_is_not_found() in {root}/examples/sample-app/.specs/0002-withdraw/e2e/WithdrawSpec.cs:line 61
   at Specs.S0002.WithdrawSpec.Missing_wallet_is_not_found() in {root}/examples/sample-app/.specs/0002-withdraw/e2e/WithdrawSpec.cs:line 61
--- End of stack trace from previous location ---</StackTrace>
        </ErrorInfo>
      </Output>
    </UnitTestResult>
    <UnitTestResult executionId="00000000-0000-0000-0000-000000000004" testId="325f1266-9b16-9cf4-ad6c-df2daf445989" testName="FM-3: a negative amount answers 400 with an amount field error" computerName="{machine}" duration="00:00:00.0108648" startTime="2026-09-24T04:16:53.8148243-03:00" endTime="2026-09-24T04:16:53.8246733-03:00" testType="13cdc9d9-ddb5-4fa4-a97d-d965ccfc6d4b" outcome="Failed" testListId="8c84fa94-04c1-424b-9868-57a2d4851a1d" relativeResultsDirectory="00000000-0000-0000-0000-000000000004">
      <Output>
        <ErrorInfo>
          <Message>Assert.Equal() Failure: Values differ
Expected: BadRequest
Actual:   OK</Message>
          <StackTrace>   at Specs.S0002.WithdrawSpec.Negative_amount_is_rejected() in {root}/examples/sample-app/.specs/0002-withdraw/e2e/WithdrawSpec.cs:line 49
   at Specs.S0002.WithdrawSpec.Negative_amount_is_rejected() in {root}/examples/sample-app/.specs/0002-withdraw/e2e/WithdrawSpec.cs:line 50
--- End of stack trace from previous location ---</StackTrace>
        </ErrorInfo>
      </Output>
    </UnitTestResult>
    <UnitTestResult executionId="00000000-0000-0000-0000-000000000005" testId="3c4f35f6-7b88-ebda-db01-74ee23abe957" testName="FM-5: a retry with the same Idempotency-Key debits once" computerName="{machine}" duration="00:00:00.5257438" startTime="2026-09-24T04:16:53.2519156-03:00" endTime="2026-09-24T04:16:53.7761066-03:00" testType="13cdc9d9-ddb5-4fa4-a97d-d965ccfc6d4b" outcome="Failed" testListId="8c84fa94-04c1-424b-9868-57a2d4851a1d" relativeResultsDirectory="00000000-0000-0000-0000-000000000005">
      <Output>
        <ErrorInfo>
          <Message>two different idempotency keys collapsed to one 'balance' value ('0') — a distinct key must apply again, not dedup regardless of the key.</Message>
          <StackTrace>   at Specs.S0002.WithdrawSpec.Same_key_debits_once() in {root}/examples/sample-app/.specs/0002-withdraw/e2e/WithdrawSpec.cs:line 83
   at Specs.S0002.WithdrawSpec.Same_key_debits_once() in {root}/examples/sample-app/.specs/0002-withdraw/e2e/WithdrawSpec.cs:line 84
--- End of stack trace from previous location ---</StackTrace>
        </ErrorInfo>
      </Output>
    </UnitTestResult>
    <UnitTestResult executionId="00000000-0000-0000-0000-000000000006" testId="e3edbb30-2a95-daf2-47fd-b436b16fda1c" testName="FM-2: overdrawing answers 422 and leaves the balance untouched" computerName="{machine}" duration="00:00:00.0154176" startTime="2026-09-24T04:16:53.8254079-03:00" endTime="2026-09-24T04:16:53.8405150-03:00" testType="13cdc9d9-ddb5-4fa4-a97d-d965ccfc6d4b" outcome="Failed" testListId="8c84fa94-04c1-424b-9868-57a2d4851a1d" relativeResultsDirectory="00000000-0000-0000-0000-000000000006">
      <Output>
        <ErrorInfo>
          <Message>Assert.Equal() Failure: Values differ
Expected: UnprocessableEntity
Actual:   OK</Message>
          <StackTrace>   at Specs.S0002.WithdrawSpec.Overdraw_is_refused() in {root}/examples/sample-app/.specs/0002-withdraw/e2e/WithdrawSpec.cs:line 37
   at Specs.S0002.WithdrawSpec.Overdraw_is_refused() in {root}/examples/sample-app/.specs/0002-withdraw/e2e/WithdrawSpec.cs:line 38
--- End of stack trace from previous location ---</StackTrace>
        </ErrorInfo>
      </Output>
    </UnitTestResult>
    <UnitTestResult executionId="00000000-0000-0000-0000-000000000007" testId="445a8336-9eb4-c0e2-8c64-70e1931717f9" testName="FM-1: a withdrawal is reflected by the next balance read" computerName="{machine}" duration="00:00:00.0263647" startTime="2026-09-24T04:16:53.8412039-03:00" endTime="2026-09-24T04:16:53.8672694-03:00" testType="13cdc9d9-ddb5-4fa4-a97d-d965ccfc6d4b" outcome="Failed" testListId="8c84fa94-04c1-424b-9868-57a2d4851a1d" relativeResultsDirectory="00000000-0000-0000-0000-000000000007">
      <Output>
        <ErrorInfo>
          <Message>Assert.Equal() Failure: Values differ
Expected: 30
Actual:   0</Message>
          <StackTrace>   at Specs.S0002.WithdrawSpec.Withdrawal_is_reflected_by_the_balance() in {root}/examples/sample-app/.specs/0002-withdraw/e2e/WithdrawSpec.cs:line 24
   at Specs.S0002.WithdrawSpec.Withdrawal_is_reflected_by_the_balance() in {root}/examples/sample-app/.specs/0002-withdraw/e2e/WithdrawSpec.cs:line 25
--- End of stack trace from previous location ---</StackTrace>
        </ErrorInfo>
      </Output>
    </UnitTestResult>
  </Results>
  <TestDefinitions>
    <UnitTest name="FM-2: overdrawing answers 422 and leaves the balance untouched" storage="{root}/examples/sample-app/backend/sample.tests/bin/debug/net10.0/sample.tests.dll" id="e3edbb30-2a95-daf2-47fd-b436b16fda1c">
      <Execution id="00000000-0000-0000-0000-000000000006" />
      <TestMethod codeBase="{root}/examples/sample-app/backend/Sample.Tests/bin/Debug/net10.0/Sample.Tests.dll" adapterTypeName="executor://xunit/VsTestRunner3/netcore/" className="Specs.S0002.WithdrawSpec" name="Overdraw_is_refused" />
    </UnitTest>
    <UnitTest name="FM-3: a negative amount answers 400 with an amount field error" storage="{root}/examples/sample-app/backend/sample.tests/bin/debug/net10.0/sample.tests.dll" id="325f1266-9b16-9cf4-ad6c-df2daf445989">
      <Execution id="00000000-0000-0000-0000-000000000004" />
      <TestMethod codeBase="{root}/examples/sample-app/backend/Sample.Tests/bin/Debug/net10.0/Sample.Tests.dll" adapterTypeName="executor://xunit/VsTestRunner3/netcore/" className="Specs.S0002.WithdrawSpec" name="Negative_amount_is_rejected" />
    </UnitTest>
    <UnitTest name="FM-1: a withdrawal is reflected by the next balance read" storage="{root}/examples/sample-app/backend/sample.tests/bin/debug/net10.0/sample.tests.dll" id="445a8336-9eb4-c0e2-8c64-70e1931717f9">
      <Execution id="00000000-0000-0000-0000-000000000007" />
      <TestMethod codeBase="{root}/examples/sample-app/backend/Sample.Tests/bin/Debug/net10.0/Sample.Tests.dll" adapterTypeName="executor://xunit/VsTestRunner3/netcore/" className="Specs.S0002.WithdrawSpec" name="Withdrawal_is_reflected_by_the_balance" />
    </UnitTest>
    <UnitTest name="FM-5: a retry with the same Idempotency-Key debits once" storage="{root}/examples/sample-app/backend/sample.tests/bin/debug/net10.0/sample.tests.dll" id="3c4f35f6-7b88-ebda-db01-74ee23abe957">
      <Execution id="00000000-0000-0000-0000-000000000005" />
      <TestMethod codeBase="{root}/examples/sample-app/backend/Sample.Tests/bin/Debug/net10.0/Sample.Tests.dll" adapterTypeName="executor://xunit/VsTestRunner3/netcore/" className="Specs.S0002.WithdrawSpec" name="Same_key_debits_once" />
    </UnitTest>
    <UnitTest name="FM-4: a missing wallet answers 404" storage="{root}/examples/sample-app/backend/sample.tests/bin/debug/net10.0/sample.tests.dll" id="d3726388-1d24-a53f-4c55-25759774781f">
      <Execution id="00000000-0000-0000-0000-000000000003" />
      <TestMethod codeBase="{root}/examples/sample-app/backend/Sample.Tests/bin/Debug/net10.0/Sample.Tests.dll" adapterTypeName="executor://xunit/VsTestRunner3/netcore/" className="Specs.S0002.WithdrawSpec" name="Missing_wallet_is_not_found" />
    </UnitTest>
  </TestDefinitions>
  <TestEntries>
    <TestEntry testId="d3726388-1d24-a53f-4c55-25759774781f" executionId="00000000-0000-0000-0000-000000000003" testListId="8c84fa94-04c1-424b-9868-57a2d4851a1d" />
    <TestEntry testId="325f1266-9b16-9cf4-ad6c-df2daf445989" executionId="00000000-0000-0000-0000-000000000004" testListId="8c84fa94-04c1-424b-9868-57a2d4851a1d" />
    <TestEntry testId="3c4f35f6-7b88-ebda-db01-74ee23abe957" executionId="00000000-0000-0000-0000-000000000005" testListId="8c84fa94-04c1-424b-9868-57a2d4851a1d" />
    <TestEntry testId="e3edbb30-2a95-daf2-47fd-b436b16fda1c" executionId="00000000-0000-0000-0000-000000000006" testListId="8c84fa94-04c1-424b-9868-57a2d4851a1d" />
    <TestEntry testId="445a8336-9eb4-c0e2-8c64-70e1931717f9" executionId="00000000-0000-0000-0000-000000000007" testListId="8c84fa94-04c1-424b-9868-57a2d4851a1d" />
  </TestEntries>
  <TestLists>
    <TestList name="Results Not in a List" id="8c84fa94-04c1-424b-9868-57a2d4851a1d" />
    <TestList name="All Loaded Results" id="19431567-8539-422a-85d7-44ee4e166bda" />
  </TestLists>
  <ResultSummary outcome="Failed">
    <Counters total="5" executed="5" passed="0" failed="5" error="0" timeout="0" aborted="0" inconclusive="0" passedButRunAborted="0" notRunnable="0" notExecuted="0" disconnected="0" warning="0" completed="0" inProgress="0" pending="0" />
    <Output>
      <StdOut>[xUnit.net 00:00:00.00] xUnit.net VSTest Adapter v3.1.4+50e68bbb8b (64-bit .NET 10.0.12)
[xUnit.net 00:00:00.04]   Discovering: Sample.Tests
[xUnit.net 00:00:00.07]   Discovered:  Sample.Tests
[xUnit.net 00:00:00.08]   Starting:    Sample.Tests
info: Microsoft.EntityFrameworkCore.Update[30100]
      Saved 1 entities to in-memory store.
info: Microsoft.Hosting.Lifetime[0]
      Application started. Press Ctrl+C to shut down.
info: Microsoft.Hosting.Lifetime[0]
      Hosting environment: Development
info: Microsoft.Hosting.Lifetime[0]
      Content root path: {root}/examples/sample-app/backend/Sample.Api
info: Microsoft.EntityFrameworkCore.Update[30100]
      Saved 1 entities to in-memory store.
info: Microsoft.Hosting.Lifetime[0]
      Application is shutting down...
[xUnit.net 00:00:00.63]       two different idempotency keys collapsed to one 'balance' value ('0') — a distinct key must apply again, not dedup regardless of the key.
[xUnit.net 00:00:00.63]       Stack Trace:
[xUnit.net 00:00:00.63]         {root}/examples/sample-app/.specs/0002-withdraw/e2e/WithdrawSpec.cs(83,0): at Specs.S0002.WithdrawSpec.Same_key_debits_once()
[xUnit.net 00:00:00.63]         {root}/examples/sample-app/.specs/0002-withdraw/e2e/WithdrawSpec.cs(84,0): at Specs.S0002.WithdrawSpec.Same_key_debits_once()
[xUnit.net 00:00:00.63]         --- End of stack trace from previous location ---
info: Microsoft.EntityFrameworkCore.Update[30100]
      Saved 1 entities to in-memory store.
info: Microsoft.Hosting.Lifetime[0]
      Application started. Press Ctrl+C to shut down.
info: Microsoft.Hosting.Lifetime[0]
      Hosting environment: Development
info: Microsoft.Hosting.Lifetime[0]
      Content root path: {root}/examples/sample-app/backend/Sample.Api
info: Microsoft.Hosting.Lifetime[0]
      Application is shutting down...
[xUnit.net 00:00:00.67]       Assert.Equal() Failure: Values differ
[xUnit.net 00:00:00.67]       Expected: NotFound
[xUnit.net 00:00:00.67]       Actual:   OK
[xUnit.net 00:00:00.67]       Stack Trace:
[xUnit.net 00:00:00.67]         {root}/examples/sample-app/.specs/0002-withdraw/e2e/WithdrawSpec.cs(61,0): at Specs.S0002.WithdrawSpec.Missing_wallet_is_not_found()
[xUnit.net 00:00:00.67]         {root}/examples/sample-app/.specs/0002-withdraw/e2e/WithdrawSpec.cs(61,0): at Specs.S0002.WithdrawSpec.Missing_wallet_is_not_found()
[xUnit.net 00:00:00.67]         --- End of stack trace from previous location ---
info: Microsoft.EntityFrameworkCore.Update[30100]
      Saved 1 entities to in-memory store.
info: Microsoft.Hosting.Lifetime[0]
      Application started. Press Ctrl+C to shut down.
info: Microsoft.Hosting.Lifetime[0]
      Hosting environment: Development
info: Microsoft.Hosting.Lifetime[0]
      Content root path: {root}/examples/sample-app/backend/Sample.Api
info: Microsoft.Hosting.Lifetime[0]
      Application is shutting down...
[xUnit.net 00:00:00.68]       Assert.Equal() Failure: Values differ
[xUnit.net 00:00:00.68]       Expected: BadRequest
[xUnit.net 00:00:00.68]       Actual:   OK
[xUnit.net 00:00:00.68]       Stack Trace:
[xUnit.net 00:00:00.68]         {root}/examples/sample-app/.specs/0002-withdraw/e2e/WithdrawSpec.cs(49,0): at Specs.S0002.WithdrawSpec.Negative_amount_is_rejected()
[xUnit.net 00:00:00.68]         {root}/examples/sample-app/.specs/0002-withdraw/e2e/WithdrawSpec.cs(50,0): at Specs.S0002.WithdrawSpec.Negative_amount_is_rejected()
[xUnit.net 00:00:00.68]         --- End of stack trace from previous location ---
info: Microsoft.EntityFrameworkCore.Update[30100]
      Saved 1 entities to in-memory store.
info: Microsoft.Hosting.Lifetime[0]
      Application started. Press Ctrl+C to shut down.
info: Microsoft.Hosting.Lifetime[0]
      Hosting environment: Development
info: Microsoft.Hosting.Lifetime[0]
      Content root path: {root}/examples/sample-app/backend/Sample.Api
info: Microsoft.EntityFrameworkCore.Update[30100]
      Saved 1 entities to in-memory store.
info: Microsoft.Hosting.Lifetime[0]
      Application is shutting down...
[xUnit.net 00:00:00.70]       Assert.Equal() Failure: Values differ
[xUnit.net 00:00:00.70]       Expected: UnprocessableEntity
[xUnit.net 00:00:00.70]       Actual:   OK
[xUnit.net 00:00:00.70]       Stack Trace:
[xUnit.net 00:00:00.70]         {root}/examples/sample-app/.specs/0002-withdraw/e2e/WithdrawSpec.cs(37,0): at Specs.S0002.WithdrawSpec.Overdraw_is_refused()
[xUnit.net 00:00:00.70]         {root}/examples/sample-app/.specs/0002-withdraw/e2e/WithdrawSpec.cs(38,0): at Specs.S0002.WithdrawSpec.Overdraw_is_refused()
[xUnit.net 00:00:00.70]         --- End of stack trace from previous location ---
info: Microsoft.EntityFrameworkCore.Update[30100]
      Saved 1 entities to in-memory store.
info: Microsoft.Hosting.Lifetime[0]
      Application started. Press Ctrl+C to shut down.
info: Microsoft.Hosting.Lifetime[0]
      Hosting environment: Development
info: Microsoft.Hosting.Lifetime[0]
      Content root path: {root}/examples/sample-app/backend/Sample.Api
info: Microsoft.EntityFrameworkCore.Update[30100]
      Saved 1 entities to in-memory store.
info: Microsoft.Hosting.Lifetime[0]
      Application is shutting down...
[xUnit.net 00:00:00.72]       Assert.Equal() Failure: Values differ
[xUnit.net 00:00:00.72]       Expected: 30
[xUnit.net 00:00:00.72]       Actual:   0
[xUnit.net 00:00:00.72]       Stack Trace:
[xUnit.net 00:00:00.72]         {root}/examples/sample-app/.specs/0002-withdraw/e2e/WithdrawSpec.cs(24,0): at Specs.S0002.WithdrawSpec.Withdrawal_is_reflected_by_the_balance()
[xUnit.net 00:00:00.72]         {root}/examples/sample-app/.specs/0002-withdraw/e2e/WithdrawSpec.cs(25,0): at Specs.S0002.WithdrawSpec.Withdrawal_is_reflected_by_the_balance()
[xUnit.net 00:00:00.72]         --- End of stack trace from previous location ---
[xUnit.net 00:00:00.73]   Finished:    Sample.Tests
</StdOut>
    </Output>
    <RunInfos>
      <RunInfo computerName="{machine}" outcome="Error" timestamp="2026-09-24T04:16:53.7777780-03:00">
        <Text>[xUnit.net 00:00:00.63]     FM-5: a retry with the same Idempotency-Key debits once [FAIL]</Text>
      </RunInfo>
      <RunInfo computerName="{machine}" outcome="Error" timestamp="2026-09-24T04:16:53.8138157-03:00">
        <Text>[xUnit.net 00:00:00.67]     FM-4: a missing wallet answers 404 [FAIL]</Text>
      </RunInfo>
      <RunInfo computerName="{machine}" outcome="Error" timestamp="2026-09-24T04:16:53.8249915-03:00">
        <Text>[xUnit.net 00:00:00.68]     FM-3: a negative amount answers 400 with an amount field error [FAIL]</Text>
      </RunInfo>
      <RunInfo computerName="{machine}" outcome="Error" timestamp="2026-09-24T04:16:53.8407829-03:00">
        <Text>[xUnit.net 00:00:00.70]     FM-2: overdrawing answers 422 and leaves the balance untouched [FAIL]</Text>
      </RunInfo>
      <RunInfo computerName="{machine}" outcome="Error" timestamp="2026-09-24T04:16:53.8675656-03:00">
        <Text>[xUnit.net 00:00:00.72]     FM-1: a withdrawal is reflected by the next balance read [FAIL]</Text>
      </RunInfo>
    </RunInfos>
  </ResultSummary>
</TestRun>